Archive member included to satisfy reference by file (symbol)

c:/intelfpga_lite/23.1std/nios2eds/bin/gnu/h-x86_64-mingw32/bin/../lib/gcc/nios2-elf/12.3.1/../../../../../H-x86_64-mingw32/nios2-elf/lib/mhw-mulx\libm.a(libm_a-sf_cos.o)
                              obj/default/hello_world.o (cosf)
c:/intelfpga_lite/23.1std/nios2eds/bin/gnu/h-x86_64-mingw32/bin/../lib/gcc/nios2-elf/12.3.1/../../../../../H-x86_64-mingw32/nios2-elf/lib/mhw-mulx\libm.a(libm_a-kf_cos.o)
                              c:/intelfpga_lite/23.1std/nios2eds/bin/gnu/h-x86_64-mingw32/bin/../lib/gcc/nios2-elf/12.3.1/../../../../../H-x86_64-mingw32/nios2-elf/lib/mhw-mulx\libm.a(libm_a-sf_cos.o) (__kernel_cosf)
c:/intelfpga_lite/23.1std/nios2eds/bin/gnu/h-x86_64-mingw32/bin/../lib/gcc/nios2-elf/12.3.1/../../../../../H-x86_64-mingw32/nios2-elf/lib/mhw-mulx\libm.a(libm_a-kf_sin.o)
                              c:/intelfpga_lite/23.1std/nios2eds/bin/gnu/h-x86_64-mingw32/bin/../lib/gcc/nios2-elf/12.3.1/../../../../../H-x86_64-mingw32/nios2-elf/lib/mhw-mulx\libm.a(libm_a-sf_cos.o) (__kernel_sinf)
c:/intelfpga_lite/23.1std/nios2eds/bin/gnu/h-x86_64-mingw32/bin/../lib/gcc/nios2-elf/12.3.1/../../../../../H-x86_64-mingw32/nios2-elf/lib/mhw-mulx\libm.a(libm_a-ef_rem_pio2.o)
                              c:/intelfpga_lite/23.1std/nios2eds/bin/gnu/h-x86_64-mingw32/bin/../lib/gcc/nios2-elf/12.3.1/../../../../../H-x86_64-mingw32/nios2-elf/lib/mhw-mulx\libm.a(libm_a-sf_cos.o) (__ieee754_rem_pio2f)
c:/intelfpga_lite/23.1std/nios2eds/bin/gnu/h-x86_64-mingw32/bin/../lib/gcc/nios2-elf/12.3.1/../../../../../H-x86_64-mingw32/nios2-elf/lib/mhw-mulx\libm.a(libm_a-sf_fabs.o)
                              c:/intelfpga_lite/23.1std/nios2eds/bin/gnu/h-x86_64-mingw32/bin/../lib/gcc/nios2-elf/12.3.1/../../../../../H-x86_64-mingw32/nios2-elf/lib/mhw-mulx\libm.a(libm_a-ef_rem_pio2.o) (fabsf)
c:/intelfpga_lite/23.1std/nios2eds/bin/gnu/h-x86_64-mingw32/bin/../lib/gcc/nios2-elf/12.3.1/../../../../../H-x86_64-mingw32/nios2-elf/lib/mhw-mulx\libm.a(libm_a-kf_rem_pio2.o)
                              c:/intelfpga_lite/23.1std/nios2eds/bin/gnu/h-x86_64-mingw32/bin/../lib/gcc/nios2-elf/12.3.1/../../../../../H-x86_64-mingw32/nios2-elf/lib/mhw-mulx\libm.a(libm_a-ef_rem_pio2.o) (__kernel_rem_pio2f)
c:/intelfpga_lite/23.1std/nios2eds/bin/gnu/h-x86_64-mingw32/bin/../lib/gcc/nios2-elf/12.3.1/../../../../../H-x86_64-mingw32/nios2-elf/lib/mhw-mulx\libm.a(libm_a-sf_floor.o)
                              c:/intelfpga_lite/23.1std/nios2eds/bin/gnu/h-x86_64-mingw32/bin/../lib/gcc/nios2-elf/12.3.1/../../../../../H-x86_64-mingw32/nios2-elf/lib/mhw-mulx\libm.a(libm_a-kf_rem_pio2.o) (floorf)
c:/intelfpga_lite/23.1std/nios2eds/bin/gnu/h-x86_64-mingw32/bin/../lib/gcc/nios2-elf/12.3.1/../../../../../H-x86_64-mingw32/nios2-elf/lib/mhw-mulx\libm.a(libm_a-sf_scalbn.o)
                              c:/intelfpga_lite/23.1std/nios2eds/bin/gnu/h-x86_64-mingw32/bin/../lib/gcc/nios2-elf/12.3.1/../../../../../H-x86_64-mingw32/nios2-elf/lib/mhw-mulx\libm.a(libm_a-kf_rem_pio2.o) (scalbnf)
c:/intelfpga_lite/23.1std/nios2eds/bin/gnu/h-x86_64-mingw32/bin/../lib/gcc/nios2-elf/12.3.1/mhw-mulx\libgcc.a(addsf3.o)
                              obj/default/hello_world.o (__addsf3)
c:/intelfpga_lite/23.1std/nios2eds/bin/gnu/h-x86_64-mingw32/bin/../lib/gcc/nios2-elf/12.3.1/mhw-mulx\libgcc.a(divsf3.o)
                              obj/default/hello_world.o (__divsf3)
c:/intelfpga_lite/23.1std/nios2eds/bin/gnu/h-x86_64-mingw32/bin/../lib/gcc/nios2-elf/12.3.1/mhw-mulx\libgcc.a(eqsf2.o)
                              c:/intelfpga_lite/23.1std/nios2eds/bin/gnu/h-x86_64-mingw32/bin/../lib/gcc/nios2-elf/12.3.1/../../../../../H-x86_64-mingw32/nios2-elf/lib/mhw-mulx\libm.a(libm_a-ef_rem_pio2.o) (__eqsf2)
c:/intelfpga_lite/23.1std/nios2eds/bin/gnu/h-x86_64-mingw32/bin/../lib/gcc/nios2-elf/12.3.1/mhw-mulx\libgcc.a(gesf2.o)
                              c:/intelfpga_lite/23.1std/nios2eds/bin/gnu/h-x86_64-mingw32/bin/../lib/gcc/nios2-elf/12.3.1/../../../../../H-x86_64-mingw32/nios2-elf/lib/mhw-mulx\libm.a(libm_a-kf_rem_pio2.o) (__gesf2)
c:/intelfpga_lite/23.1std/nios2eds/bin/gnu/h-x86_64-mingw32/bin/../lib/gcc/nios2-elf/12.3.1/mhw-mulx\libgcc.a(mulsf3.o)
                              obj/default/hello_world.o (__mulsf3)
c:/intelfpga_lite/23.1std/nios2eds/bin/gnu/h-x86_64-mingw32/bin/../lib/gcc/nios2-elf/12.3.1/mhw-mulx\libgcc.a(subsf3.o)
                              obj/default/hello_world.o (__subsf3)
c:/intelfpga_lite/23.1std/nios2eds/bin/gnu/h-x86_64-mingw32/bin/../lib/gcc/nios2-elf/12.3.1/mhw-mulx\libgcc.a(fixsfsi.o)
                              obj/default/hello_world.o (__fixsfsi)
c:/intelfpga_lite/23.1std/nios2eds/bin/gnu/h-x86_64-mingw32/bin/../lib/gcc/nios2-elf/12.3.1/mhw-mulx\libgcc.a(floatsisf.o)
                              obj/default/hello_world.o (__floatsisf)
c:/intelfpga_lite/23.1std/nios2eds/bin/gnu/h-x86_64-mingw32/bin/../lib/gcc/nios2-elf/12.3.1/mhw-mulx\libgcc.a(_clzsi2.o)
[...]
Memory Configuration

Name             Origin             Length             Attributes
reset            0x00080000         0x00000020
onchip_mem       0x00080020         0x0005efe0
*default*        0x00000000         0xffffffff

Linker script and memory map

LOAD c:/Users/Galileo/Projects/ELEC60011-fpga/system_template_de1_soc/software/hello_world2_bsp//obj/HAL/src/crt0.o
LOAD obj/default/hello_world.o
LOAD c:/intelfpga_lite/23.1std/nios2eds/bin/gnu/h-x86_64-mingw32/bin/../lib/gcc/nios2-elf/12.3.1/../../../../../H-x86_64-mingw32/nios2-elf/lib/mhw-mulx\libstdc++.a
LOAD c:/intelfpga_lite/23.1std/nios2eds/bin/gnu/h-x86_64-mingw32/bin/../lib/gcc/nios2-elf/12.3.1/../../../../../H-x86_64-mingw32/nios2-elf/lib/mhw-mulx\libm.a
LOAD c:/intelfpga_lite/23.1std/nios2eds/bin/gnu/h-x86_64-mingw32/bin/../lib/gcc/nios2-elf/12.3.1/mhw-mulx\libgcc.a
START GROUP
LOAD c:/intelfpga_lite/23.1std/nios2eds/bin/gnu/h-x86_64-mingw32/bin/../lib/gcc/nios2-elf/12.3.1/../../../../../H-x86_64-mingw32/nios2-elf/lib/mhw-mulx\libc.a
LOAD c:/intelfpga_lite/23.1std/nios2eds/bin/gnu/h-x86_64-mingw32/bin/../lib/gcc/nios2-elf/12.3.1/mhw-mulx\libgcc.a
LOAD c:/Users/Galileo/Projects/ELEC60011-fpga/system_template_de1_soc/software/hello_world2_bsp/\libhal_bsp.a
LOAD c:/intelfpga_lite/23.1std/nios2eds/bin/gnu/h-x86_64-mingw32/bin/../lib/gcc/nios2-elf/12.3.1/../../../../../H-x86_64-mingw32/nios2-elf/lib/mhw-mulx\libm.a
END GROUP
LOAD c:/intelfpga_lite/23.1std/nios2eds/bin/gnu/h-x86_64-mingw32/bin/../lib/gcc/nios2-elf/12.3.1/mhw-mulx\libgcc.a
                0x00080000                        __alt_mem_onchip_mem = 0x80000

.entry          0x00080000       0x20
 *(.entry)
 .entry         0x00080000       0x20 c:/Users/Galileo/Projects/ELEC60011-fpga/system_template_de1_soc/software/hello_world2_bsp//obj/HAL/src/crt0.o
                0x00080000                __reset

.exceptions     0x00080020      0x218
                0x00080020                        PROVIDE (__ram_exceptions_start = ABSOLUTE (.))
                0x00080020                        . = ALIGN (0x20)
 *(.irq)
 *(.exceptions.entry.label)
 .exceptions.entry.label
                0x00080020        0x0 c:/Users/Galileo/Projects/ELEC60011-fpga/system_template_de1_soc/software/hello_world2_bsp/\libhal_bsp.a(alt_irq_entry.o)
                0x00080020                alt_irq_entry
 .exceptions.entry.label
                0x00080020        0x0 c:/Users/Galileo/Projects/ELEC60011-fpga/system_template_de1_soc/software/hello_world2_bsp/\libhal_bsp.a(alt_exception_entry.o)
                0x00080020                alt_exception
 *(.exceptions.entry.user)
 *(.exceptions.entry.ecc_fatal)
 *(.exceptions.entry)
 .exceptions.entry
                0x00080020       0x54 c:/Users/Galileo/Projects/ELEC60011-fpga/system_template_de1_soc/software/hello_world2_bsp/\libhal_bsp.a(alt_exception_entry.o)
 *(.exceptions.irqtest.user)
 *(.exceptions.irqtest)
 .exceptions.irqtest
                0x00080074       0x10 c:/Users/Galileo/Projects/ELEC60011-fpga/system_template_de1_soc/software/hello_world2_bsp/\libhal_bsp.a(alt_irq_entry.o)
 *(.exceptions.irqhandler.user)
 *(.exceptions.irqhandler)
 .exceptions.irqhandler
                0x00080084        0x4 c:/Users/Galileo/Projects/ELEC60011-fpga/system_template_de1_soc/software/hello_world2_bsp/\libhal_bsp.a(alt_irq_entry.o)
 *(.exceptions.irqreturn.user)
 *(.exceptions.irqreturn)
 .exceptions.irqreturn
                0x00080088        0x4 c:/Users/Galileo/Projects/ELEC60011-fpga/system_template_de1_soc/software/hello_world2_bsp/\libhal_bsp.a(alt_irq_entry.o)
 *(.exceptions.notirq.label)
 .exceptions.notirq.label
                0x0008008c        0x0 c:/Users/Galileo/Projects/ELEC60011-fpga/system_template_de1_soc/software/hello_world2_bsp/\libhal_bsp.a(alt_irq_entry.o)
 *(.exceptions.notirq.user)
 *(.exceptions.notirq)
 .exceptions.notirq
                0x0008008c        0x8 c:/Users/Galileo/Projects/ELEC60011-fpga/system_template_de1_soc/software/hello_world2_bsp/\libhal_bsp.a(alt_exception_entry.o)
 *(.exceptions.soft.user)
 *(.exceptions.soft)
 *(.exceptions.unknown.user)
 *(.exceptions.unknown)
 .exceptions.unknown
                0x00080094       0x14 c:/Users/Galileo/Projects/ELEC60011-fpga/system_template_de1_soc/software/hello_world2_bsp/\libhal_bsp.a(alt_exception_entry.o)
 *(.exceptions.exit.label)
 .exceptions.exit.label
                0x000800a8        0x0 c:/Users/Galileo/Projects/ELEC60011-fpga/system_template_de1_soc/software/hello_world2_bsp/\libhal_bsp.a(alt_irq_entry.o)
 .exceptions.exit.label
                0x000800a8        0x0 c:/Users/Galileo/Projects/ELEC60011-fpga/system_template_de1_soc/software/hello_world2_bsp/\libhal_bsp.a(alt_exception_entry.o)
 *(.exceptions.exit.user)
 *(.exceptions.exit)
 .exceptions.exit
                0x000800a8       0x54 c:/Users/Galileo/Projects/ELEC60011-fpga/system_template_de1_soc/software/hello_world2_bsp/\libhal_bsp.a(alt_exception_entry.o)
 *(.exceptions)
 .exceptions    0x000800fc       0xc8 c:/Users/Galileo/Projects/ELEC60011-fpga/system_template_de1_soc/software/hello_world2_bsp/\libhal_bsp.a(alt_irq_handler.o)
                0x000800fc                alt_irq_handler
 .exceptions    0x000801c4       0x74 c:/Users/Galileo/Projects/ELEC60011-fpga/system_template_de1_soc/software/hello_world2_bsp/\libhal_bsp.a(alt_instruction_exception_entry.o)
                0x000801c4                alt_instruction_exception_entry
                0x00080238                        PROVIDE (__ram_exceptions_end = ABSOLUTE (.))
                0x00080020                        PROVIDE (__flash_exceptions_start = LOADADDR (.exceptions))

.text           0x00080238    0x11b88
                [!provide]                        PROVIDE (stext = ABSOLUTE (.))
 *(.interp)
 *(.hash)
 *(.dynsym)
 *(.dynstr)
 *(.gnu.version)
 *(.gnu.version_d)
 *(.gnu.version_r)
 *(.rel.init)
 *(.rela.init)
 *(.rel.text .rel.text.* .rel.gnu.linkonce.t.*)
 *(.rela.text .rela.text.* .rela.gnu.linkonce.t.*)
 *(.rel.fini)
 *(.rela.fini)
 *(.rel.rodata .rel.rodata.* .rel.gnu.linkonce.r.*)
 *(.rela.rodata .rela.rodata.* .rela.gnu.linkonce.r.*)
 *(.rel.data .rel.data.* .rel.gnu.linkonce.d.*)
 *(.rela.data .rela.data.* .rela.gnu.linkonce.d.*)
 *(.rel.tdata .rel.tdata.* .rel.gnu.linkonce.td.*)
 *(.rela.tdata .rela.tdata.* .rela.gnu.linkonce.td.*)
 *(.rel.tbss .rel.tbss.* .rel.gnu.linkonce.tb.*)
 *(.rela.tbss .rela.tbss.* .rela.gnu.linkonce.tb.*)
 *(.rel.ctors)
 *(.rela.ctors)
 *(.rel.dtors)
 *(.rela.dtors)
 *(.rel.got)
 *(.rela.got)
 *(.rel.sdata .rel.sdata.* .rel.gnu.linkonce.s.*)
 *(.rela.sdata .rela.sdata.* .rela.gnu.linkonce.s.*)
 *(.rel.sbss .rel.sbss.* .rel.gnu.linkonce.sb.*)
 *(.rela.sbss .rela.sbss.* .rela.gnu.linkonce.sb.*)
 *(.rel.sdata2 .rel.sdata2.* .rel.gnu.linkonce.s2.*)
 *(.rela.sdata2 .rela.sdata2.* .rela.gnu.linkonce.s2.*)
 *(.rel.sbss2 .rel.sbss2.* .rel.gnu.linkonce.sb2.*)
 *(.rela.sbss2 .rela.sbss2.* .rela.gnu.linkonce.sb2.*)
 *(.rel.bss .rel.bss.* .rel.gnu.linkonce.b.*)
 *(.rela.bss .rela.bss.* .rela.gnu.linkonce.b.*)
 *(.rel.plt)
 *(.rela.plt)
 *(.rel.dyn)
 *(.init)
 *(.plt)
 *(.text .stub .text.* .gnu.linkonce.t.*)
 .text          0x00080238       0x4c c:/Users/Galileo/Projects/ELEC60011-fpga/system_template_de1_soc/software/hello_world2_bsp//obj/HAL/src/crt0.o
                0x00080238                _start
 .text          0x00080284      0x3b8 obj/default/hello_world.o
                0x00080284                generateRandomVector
                0x00080330                generateVector
                0x000803d8                sumVector
                0x00080548                main
 .text          0x0008063c        0x0 c:/intelfpga_lite/23.1std/nios2eds/bin/gnu/h-x86_64-mingw32/bin/../lib/gcc/nios2-elf/12.3.1/../../../../../H-x86_64-mingw32/nios2-elf/lib/mhw-mulx\libm.a(libm_a-sf_cos.o)
 .text.cosf     0x0008063c       0xb0 c:/intelfpga_lite/23.1std/nios2eds/bin/gnu/h-x86_64-mingw32/bin/../lib/gcc/nios2-elf/12.3.1/../../../../../H-x86_64-mingw32/nios2-elf/lib/mhw-mulx\libm.a(libm_a-sf_cos.o)
                0x0008063c                cosf
 .text          0x000806ec        0x0 c:/intelfpga_lite/23.1std/nios2eds/bin/gnu/h-x86_64-mingw32/bin/../lib/gcc/nios2-elf/12.3.1/../../../../../H-x86_64-mingw32/nios2-elf/lib/mhw-mulx\libm.a(libm_a-kf_cos.o)
 .text.__kernel_cosf
                0x000806ec      0x1c0 c:/intelfpga_lite/23.1std/nios2eds/bin/gnu/h-x86_64-mingw32/bin/../lib/gcc/nios2-elf/12.3.1/../../../../../H-x86_64-mingw32/nios2-elf/lib/mhw-mulx\libm.a(libm_a-kf_cos.o)
                0x000806ec                __kernel_cosf
 .text          0x000808ac        0x0 c:/intelfpga_lite/23.1std/nios2eds/bin/gnu/h-x86_64-mingw32/bin/../lib/gcc/nios2-elf/12.3.1/../../../../../H-x86_64-mingw32/nios2-elf/lib/mhw-mulx\libm.a(libm_a-kf_sin.o)
 .text.__kernel_sinf
                0x000808ac      0x1b4 c:/intelfpga_lite/23.1std/nios2eds/bin/gnu/h-x86_64-mingw32/bin/../lib/gcc/nios2-elf/12.3.1/../../../../../H-x86_64-mingw32/nios2-elf/lib/mhw-mulx\libm.a(libm_a-kf_sin.o)
                0x000808ac                __kernel_sinf
 .text          0x00080a60        0x0 c:/intelfpga_lite/23.1std/nios2eds/bin/gnu/h-x86_64-mingw32/bin/../lib/gcc/nios2-elf/12.3.1/../../../../../H-x86_64-mingw32/nios2-elf/lib/mhw-mulx\libm.a(libm_a-ef_rem_pio2.o)
 .text.__ieee754_rem_pio2f
                0x00080a60      0x4f0 c:/intelfpga_lite/23.1std/nios2eds/bin/gnu/h-x86_64-mingw32/bin/../lib/gcc/nios2-elf/12.3.1/../../../../../H-x86_64-mingw32/nios2-elf/lib/mhw-mulx\libm.a(libm_a-ef_rem_pio2.o)
                0x00080a60                __ieee754_rem_pio2f
 .text          0x00080f50        0x0 c:/intelfpga_lite/23.1std/nios2eds/bin/gnu/h-x86_64-mingw32/bin/../lib/gcc/nios2-elf/12.3.1/../../../../../H-x86_64-mingw32/nios2-elf/lib/mhw-mulx\libm.a(libm_a-sf_fabs.o)
 .text.fabsf    0x00080f50       0x10 c:/intelfpga_lite/23.1std/nios2eds/bin/gnu/h-x86_64-mingw32/bin/../lib/gcc/nios2-elf/12.3.1/../../../../../H-x86_64-mingw32/nios2-elf/lib/mhw-mulx\libm.a(libm_a-sf_fabs.o)
                0x00080f50                fabsf
 .text          0x00080f60        0x0 c:/intelfpga_lite/23.1std/nios2eds/bin/gnu/h-x86_64-mingw32/bin/../lib/gcc/nios2-elf/12.3.1/../../../../../H-x86_64-mingw32/nios2-elf/lib/mhw-mulx\libm.a(libm_a-kf_rem_pio2.o)
 .text.__kernel_rem_pio2f
                0x00080f60      0x928 c:/intelfpga_lite/23.1std/nios2eds/bin/gnu/h-x86_64-mingw32/bin/../lib/gcc/nios2-elf/12.3.1/../../../../../H-x86_64-mingw32/nios2-elf/lib/mhw-mulx\libm.a(libm_a-kf_rem_pio2.o)
                0x00080f60                __kernel_rem_pio2f
 .text          0x00081888        0x0 c:/intelfpga_lite/23.1std/nios2eds/bin/gnu/h-x86_64-mingw32/bin/../lib/gcc/nios2-elf/12.3.1/../../../../../H-x86_64-mingw32/nios2-elf/lib/mhw-mulx\libm.a(libm_a-sf_floor.o)
 .text.floorf   0x00081888       0xf0 c:/intelfpga_lite/23.1std/nios2eds/bin/gnu/h-x86_64-mingw32/bin/../lib/gcc/nios2-elf/12.3.1/../../../../../H-x86_64-mingw32/nios2-elf/lib/mhw-mulx\libm.a(libm_a-sf_floor.o)
                0x00081888                floorf
 .text          0x00081978        0x0 c:/intelfpga_lite/23.1std/nios2eds/bin/gnu/h-x86_64-mingw32/bin/../lib/gcc/nios2-elf/12.3.1/../../../../../H-x86_64-mingw32/nios2-elf/lib/mhw-mulx\libm.a(libm_a-sf_scalbn.o)
 .text.scalbnf  0x00081978      0x120 c:/intelfpga_lite/23.1std/nios2eds/bin/gnu/h-x86_64-mingw32/bin/../lib/gcc/nios2-elf/12.3.1/../../../../../H-x86_64-mingw32/nios2-elf/lib/mhw-mulx\libm.a(libm_a-sf_scalbn.o)
                0x00081978                scalbnf
 .text          0x00081a98      0x494 c:/intelfpga_lite/23.1std/nios2eds/bin/gnu/h-x86_64-mingw32/bin/../lib/gcc/nios2-elf/12.3.1/mhw-mulx\libgcc.a(addsf3.o)
                0x00081a98                __addsf3
 .text          0x00081f2c      0x418 c:/intelfpga_lite/23.1std/nios2eds/bin/gnu/h-x86_64-mingw32/bin/../lib/gcc/nios2-elf/12.3.1/mhw-mulx\libgcc.a(divsf3.o)
                0x00081f2c                __divsf3
 .text          0x00082344       0x78 c:/intelfpga_lite/23.1std/nios2eds/bin/gnu/h-x86_64-mingw32/bin/../lib/gcc/nios2-elf/12.3.1/mhw-mulx\libgcc.a(eqsf2.o)
                0x00082344                __eqsf2
                0x00082344                __nesf2
 .text          0x000823bc       0xd4 c:/intelfpga_lite/23.1std/nios2eds/bin/gnu/h-x86_64-mingw32/bin/../lib/gcc/nios2-elf/12.3.1/mhw-mulx\libgcc.a(gesf2.o)
                0x000823bc                __gesf2
                0x000823bc                __gtsf2
 .text          0x00082490      0x3e8 c:/intelfpga_lite/23.1std/nios2eds/bin/gnu/h-x86_64-mingw32/bin/../lib/gcc/nios2-elf/12.3.1/mhw-mulx\libgcc.a(mulsf3.o)
                0x00082490                __mulsf3
 .text          0x00082878      0x524 c:/intelfpga_lite/23.1std/nios2eds/bin/gnu/h-x86_64-mingw32/bin/../lib/gcc/nios2-elf/12.3.1/mhw-mulx\libgcc.a(subsf3.o)
                0x00082878                __subsf3
 .text          0x00082d9c       0x70 c:/intelfpga_lite/23.1std/nios2eds/bin/gnu/h-x86_64-mingw32/bin/../lib/gcc/nios2-elf/12.3.1/mhw-mulx\libgcc.a(fixsfsi.o)
                0x00082d9c                __fixsfsi
 .text          0x00082e0c      0x128 c:/intelfpga_lite/23.1std/nios2eds/bin/gnu/h-x86_64-mingw32/bin/../lib/gcc/nios2-elf/12.3.1/mhw-mulx\libgcc.a(floatsisf.o)
                0x00082e0c                __floatsisf
 .text          0x00082f34       0x50 c:/intelfpga_lite/23.1std/nios2eds/bin/gnu/h-x86_64-mingw32/bin/../lib/gcc/nios2-elf/12.3.1/mhw-mulx\libgcc.a(_clzsi2.o)
                0x00082f34                __clzsi2
 .text          0x00082f84        0x0 c:/intelfpga_lite/23.1std/nios2eds/bin/gnu/h-x86_64-mingw32/bin/../lib/gcc/nios2-elf/12.3.1/mhw-mulx\libgcc.a(_clz.o)
 .text          0x00082f84        0x0 c:/intelfpga_lite/23.1std/nios2eds/bin/gnu/h-x86_64-mingw32/bin/../lib/gcc/nios2-elf/12.3.1/../../../../../H-x86_64-mingw32/nios2-elf/lib/mhw-mulx\libc.a(libc_a-rand.o)
 .text.srand    0x00082f84       0x14 c:/intelfpga_lite/23.1std/nios2eds/bin/gnu/h-x86_64-mingw32/bin/../lib/gcc/nios2-elf/12.3.1/../../../../../H-x86_64-mingw32/nios2-elf/lib/mhw-mulx\libc.a(libc_a-rand.o)
                0x00082f84                srand
 .text.rand     0x00082f98       0x5c c:/intelfpga_lite/23.1std/nios2eds/bin/gnu/h-x86_64-mingw32/bin/../lib/gcc/nios2-elf/12.3.1/../../../../../H-x86_64-mingw32/nios2-elf/lib/mhw-mulx\libc.a(libc_a-rand.o)
                0x00082f98                rand
 .text          0x00082ff4        0x0 c:/intelfpga_lite/23.1std/nios2eds/bin/gnu/h-x86_64-mingw32/bin/../lib/gcc/nios2-elf/12.3.1/../../../../../H-x86_64-mingw32/nios2-elf/lib/mhw-mulx\libc.a(libc_a-printf.o)
 .text._printf_r
                0x00082ff4       0x30 c:/intelfpga_lite/23.1std/nios2eds/bin/gnu/h-x86_64-mingw32/bin/../lib/gcc/nios2-elf/12.3.1/../../../../../H-x86_64-mingw32/nios2-elf/lib/mhw-mulx\libc.a(libc_a-printf.o)
                0x00082ff4                _printf_r
 .text.printf   0x00083024       0x38 c:/intelfpga_lite/23.1std/nios2eds/bin/gnu/h-x86_64-mingw32/bin/../lib/gcc/nios2-elf/12.3.1/../../../../../H-x86_64-mingw32/nios2-elf/lib/mhw-mulx\libc.a(libc_a-printf.o)
                0x00083024                printf
 .text          0x0008305c        0x0 c:/intelfpga_lite/23.1std/nios2eds/bin/gnu/h-x86_64-mingw32/bin/../lib/gcc/nios2-elf/12.3.1/../../../../../H-x86_64-mingw32/nios2-elf/lib/mhw-mulx\libc.a(libc_a-puts.o)
 .text._puts_r  0x0008305c       0xd0 c:/intelfpga_lite/23.1std/nios2eds/bin/gnu/h-x86_64-mingw32/bin/../lib/gcc/nios2-elf/12.3.1/../../../../../H-x86_64-mingw32/nios2-elf/lib/mhw-mulx\libc.a(libc_a-puts.o)
                0x0008305c                _puts_r
 .text.puts     0x0008312c       0x10 c:/intelfpga_lite/23.1std/nios2eds/bin/gnu/h-x86_64-mingw32/bin/../lib/gcc/nios2-elf/12.3.1/../../../../../H-x86_64-mingw32/nios2-elf/lib/mhw-mulx\libc.a(libc_a-puts.o)
                0x0008312c                puts
 .text          0x0008313c        0x0 c:/intelfpga_lite/23.1std/nios2eds/bin/gnu/h-x86_64-mingw32/bin/../lib/gcc/nios2-elf/12.3.1/../../../../../H-x86_64-mingw32/nios2-elf/lib/mhw-mulx\libc.a(libc_a-strlen.o)
 .text.strlen   0x0008313c       0x98 c:/intelfpga_lite/23.1std/nios2eds/bin/gnu/h-x86_64-mingw32/bin/../lib/gcc/nios2-elf/12.3.1/../../../../../H-x86_64-mingw32/nios2-elf/lib/mhw-mulx\libc.a(libc_a-strlen.o)
                0x0008313c                strlen
 .text          0x000831d4        0x0 c:/intelfpga_lite/23.1std/nios2eds/bin/gnu/h-x86_64-mingw32/bin/../lib/gcc/nios2-elf/12.3.1/../../../../../H-x86_64-mingw32/nios2-elf/lib/mhw-mulx\libc.a(libc_a-impure.o)
 .text          0x000831d4        0x0 c:/intelfpga_lite/23.1std/nios2eds/bin/gnu/h-x86_64-mingw32/bin/../lib/gcc/nios2-elf/12.3.1/../../../../../H-x86_64-mingw32/nios2-elf/lib/mhw-mulx\libc.a(libc_a-vfprintf.o)
 .text.___vfprintf_internal_r
                0x000831d4     0x2300 c:/intelfpga_lite/23.1std/nios2eds/bin/gnu/h-x86_64-mingw32/bin/../lib/gcc/nios2-elf/12.3.1/../../../../../H-x86_64-mingw32/nios2-elf/lib/mhw-mulx\libc.a(libc_a-vfprintf.o)
                0x000831d4                ___vfprintf_internal_r
 .text.__vfprintf_internal
                0x000854d4       0x1c c:/intelfpga_lite/23.1std/nios2eds/bin/gnu/h-x86_64-mingw32/bin/../lib/gcc/nios2-elf/12.3.1/../../../../../H-x86_64-mingw32/nios2-elf/lib/mhw-mulx\libc.a(libc_a-vfprintf.o)
                0x000854d4                __vfprintf_internal
 .text.__sbprintf
                0x000854f0       0xc4 c:/intelfpga_lite/23.1std/nios2eds/bin/gnu/h-x86_64-mingw32/bin/../lib/gcc/nios2-elf/12.3.1/../../../../../H-x86_64-mingw32/nios2-elf/lib/mhw-mulx\libc.a(libc_a-vfprintf.o)
 .text          0x000855b4        0x0 c:/intelfpga_lite/23.1std/nios2eds/bin/gnu/h-x86_64-mingw32/bin/../lib/gcc/nios2-elf/12.3.1/../../../../../H-x86_64-mingw32/nios2-elf/lib/mhw-mulx\libc.a(libc_a-vfiprintf.o)
 .text.__sprint_r.part.0
                0x000855b4       0xf4 c:/intelfpga_lite/23.1std/nios2eds/bin/gnu/h-x86_64-mingw32/bin/../lib/gcc/nios2-elf/12.3.1/../../../../../H-x86_64-mingw32/nios2-elf/lib/mhw-mulx\libc.a(libc_a-vfiprintf.o)
 .text.__sprint_r
                0x000856a8       0x18 c:/intelfpga_lite/23.1std/nios2eds/bin/gnu/h-x86_64-mingw32/bin/../lib/gcc/nios2-elf/12.3.1/../../../../../H-x86_64-mingw32/nios2-elf/lib/mhw-mulx\libc.a(libc_a-vfiprintf.o)
                0x000856a8                __sprint_r
 .text.___vfiprintf_internal_r
                0x000856c0     0x128c c:/intelfpga_lite/23.1std/nios2eds/bin/gnu/h-x86_64-mingw32/bin/../lib/gcc/nios2-elf/12.3.1/../../../../../H-x86_64-mingw32/nios2-elf/lib/mhw-mulx\libc.a(libc_a-vfiprintf.o)
                0x000856c0                ___vfiprintf_internal_r
 .text.__vfiprintf_internal
                0x0008694c       0x1c c:/intelfpga_lite/23.1std/nios2eds/bin/gnu/h-x86_64-mingw32/bin/../lib/gcc/nios2-elf/12.3.1/../../../../../H-x86_64-mingw32/nios2-elf/lib/mhw-mulx\libc.a(libc_a-vfiprintf.o)
                0x0008694c                __vfiprintf_internal
 .text.__sbprintf
                0x00086968       0xc4 c:/intelfpga_lite/23.1std/nios2eds/bin/gnu/h-x86_64-mingw32/bin/../lib/gcc/nios2-elf/12.3.1/../../../../../H-x86_64-mingw32/nios2-elf/lib/mhw-mulx\libc.a(libc_a-vfiprintf.o)
 .text          0x00086a2c        0x0 c:/intelfpga_lite/23.1std/nios2eds/bin/gnu/h-x86_64-mingw32/bin/../lib/gcc/nios2-elf/12.3.1/../../../../../H-x86_64-mingw32/nios2-elf/lib/mhw-mulx\libc.a(libc_a-fflush.o)
 .text.__sflush_r
                0x00086a2c      0x208 c:/intelfpga_lite/23.1std/nios2eds/bin/gnu/h-x86_64-mingw32/bin/../lib/gcc/nios2-elf/12.3.1/../../../../../H-x86_64-mingw32/nios2-elf/lib/mhw-mulx\libc.a(libc_a-fflush.o)
                0x00086a2c                __sflush_r
 .text._fflush_r
                0x00086c34       0x5c c:/intelfpga_lite/23.1std/nios2eds/bin/gnu/h-x86_64-mingw32/bin/../lib/gcc/nios2-elf/12.3.1/../../../../../H-x86_64-mingw32/nios2-elf/lib/mhw-mulx\libc.a(libc_a-fflush.o)
                0x00086c34                _fflush_r
 .text.fflush   0x00086c90       0x8c c:/intelfpga_lite/23.1std/nios2eds/bin/gnu/h-x86_64-mingw32/bin/../lib/gcc/nios2-elf/12.3.1/../../../../../H-x86_64-mingw32/nios2-elf/lib/mhw-mulx\libc.a(libc_a-fflush.o)
                0x00086c90                fflush
 .text          0x00086d1c        0x0 c:/intelfpga_lite/23.1std/nios2eds/bin/gnu/h-x86_64-mingw32/bin/../lib/gcc/nios2-elf/12.3.1/../../../../../H-x86_64-mingw32/nios2-elf/lib/mhw-mulx\libc.a(libc_a-findfp.o)
 .text.__fp_lock
                0x00086d1c        0x8 c:/intelfpga_lite/23.1std/nios2eds/bin/gnu/h-x86_64-mingw32/bin/../lib/gcc/nios2-elf/12.3.1/../../../../../H-x86_64-mingw32/nios2-elf/lib/mhw-mulx\libc.a(libc_a-findfp.o)
 .text.stdio_exit_handler
                0x00086d24       0x1c c:/intelfpga_lite/23.1std/nios2eds/bin/gnu/h-x86_64-mingw32/bin/../lib/gcc/nios2-elf/12.3.1/../../../../../H-x86_64-mingw32/nios2-elf/lib/mhw-mulx\libc.a(libc_a-findfp.o)
 .text.cleanup_stdio
                0x00086d40       0x70 c:/intelfpga_lite/23.1std/nios2eds/bin/gnu/h-x86_64-mingw32/bin/../lib/gcc/nios2-elf/12.3.1/../../../../../H-x86_64-mingw32/nios2-elf/lib/mhw-mulx\libc.a(libc_a-findfp.o)
 .text.__fp_unlock
                0x00086db0        0x8 c:/intelfpga_lite/23.1std/nios2eds/bin/gnu/h-x86_64-mingw32/bin/../lib/gcc/nios2-elf/12.3.1/../../../../../H-x86_64-mingw32/nios2-elf/lib/mhw-mulx\libc.a(libc_a-findfp.o)
 .text.global_stdio_init.part.0
                0x00086db8      0x174 c:/intelfpga_lite/23.1std/nios2eds/bin/gnu/h-x86_64-mingw32/bin/../lib/gcc/nios2-elf/12.3.1/../../../../../H-x86_64-mingw32/nios2-elf/lib/mhw-mulx\libc.a(libc_a-findfp.o)
 .text.__sfp    0x00086f2c      0x120 c:/intelfpga_lite/23.1std/nios2eds/bin/gnu/h-x86_64-mingw32/bin/../lib/gcc/nios2-elf/12.3.1/../../../../../H-x86_64-mingw32/nios2-elf/lib/mhw-mulx\libc.a(libc_a-findfp.o)
                0x00086f2c                __sfp
 .text.__sinit  0x0008704c       0x28 c:/intelfpga_lite/23.1std/nios2eds/bin/gnu/h-x86_64-mingw32/bin/../lib/gcc/nios2-elf/12.3.1/../../../../../H-x86_64-mingw32/nios2-elf/lib/mhw-mulx\libc.a(libc_a-findfp.o)
                0x0008704c                __sinit
 .text.__sfp_lock_acquire
                0x00087074        0x4 c:/intelfpga_lite/23.1std/nios2eds/bin/gnu/h-x86_64-mingw32/bin/../lib/gcc/nios2-elf/12.3.1/../../../../../H-x86_64-mingw32/nios2-elf/lib/mhw-mulx\libc.a(libc_a-findfp.o)
                0x00087074                __sfp_lock_acquire
 .text.__sfp_lock_release
                0x00087078        0x4 c:/intelfpga_lite/23.1std/nios2eds/bin/gnu/h-x86_64-mingw32/bin/../lib/gcc/nios2-elf/12.3.1/../../../../../H-x86_64-mingw32/nios2-elf/lib/mhw-mulx\libc.a(libc_a-findfp.o)
                0x00087078                __sfp_lock_release
 .text.__fp_lock_all
                0x0008707c       0x18 c:/intelfpga_lite/23.1std/nios2eds/bin/gnu/h-x86_64-mingw32/bin/../lib/gcc/nios2-elf/12.3.1/../../../../../H-x86_64-mingw32/nios2-elf/lib/mhw-mulx\libc.a(libc_a-findfp.o)
                0x0008707c                __fp_lock_all
 .text.__fp_unlock_all
                0x00087094       0x18 c:/intelfpga_lite/23.1std/nios2eds/bin/gnu/h-x86_64-mingw32/bin/../lib/gcc/nios2-elf/12.3.1/../../../../../H-x86_64-mingw32/nios2-elf/lib/mhw-mulx\libc.a(libc_a-findfp.o)
                0x00087094                __fp_unlock_all
 .text          0x000870ac        0x0 c:/intelfpga_lite/23.1std/nios2eds/bin/gnu/h-x86_64-mingw32/bin/../lib/gcc/nios2-elf/12.3.1/../../../../../H-x86_64-mingw32/nios2-elf/lib/mhw-mulx\libc.a(libc_a-fvwrite.o)
 .text.__sfvwrite_r
                0x000870ac      0x49c c:/intelfpga_lite/23.1std/nios2eds/bin/gnu/h-x86_64-mingw32/bin/../lib/gcc/nios2-elf/12.3.1/../../../../../H-x86_64-mingw32/nios2-elf/lib/mhw-mulx\libc.a(libc_a-fvwrite.o)
                0x000870ac                __sfvwrite_r
 .text          0x00087548        0x0 c:/intelfpga_lite/23.1std/nios2eds/bin/gnu/h-x86_64-mingw32/bin/../lib/gcc/nios2-elf/12.3.1/../../../../../H-x86_64-mingw32/nios2-elf/lib/mhw-mulx\libc.a(libc_a-fwalk.o)
 .text._fwalk_sglue
                0x00087548       0xa8 c:/intelfpga_lite/23.1std/nios2eds/bin/gnu/h-x86_64-mingw32/bin/../lib/gcc/nios2-elf/12.3.1/../../../../../H-x86_64-mingw32/nios2-elf/lib/mhw-mulx\libc.a(libc_a-fwalk.o)
                0x00087548                _fwalk_sglue
 .text          0x000875f0        0x0 c:/intelfpga_lite/23.1std/nios2eds/bin/gnu/h-x86_64-mingw32/bin/../lib/gcc/nios2-elf/12.3.1/../../../../../H-x86_64-mingw32/nios2-elf/lib/mhw-mulx\libc.a(libc_a-stdio.o)
 .text.__sread  0x000875f0       0x54 c:/intelfpga_lite/23.1std/nios2eds/bin/gnu/h-x86_64-mingw32/bin/../lib/gcc/nios2-elf/12.3.1/../../../../../H-x86_64-mingw32/nios2-elf/lib/mhw-mulx\libc.a(libc_a-stdio.o)
                0x000875f0                __sread
 .text.__seofread
                0x00087644        0x8 c:/intelfpga_lite/23.1std/nios2eds/bin/gnu/h-x86_64-mingw32/bin/../lib/gcc/nios2-elf/12.3.1/../../../../../H-x86_64-mingw32/nios2-elf/lib/mhw-mulx\libc.a(libc_a-stdio.o)
                0x00087644                __seofread
 .text.__swrite
                0x0008764c       0x80 c:/intelfpga_lite/23.1std/nios2eds/bin/gnu/h-x86_64-mingw32/bin/../lib/gcc/nios2-elf/12.3.1/../../../../../H-x86_64-mingw32/nios2-elf/lib/mhw-mulx\libc.a(libc_a-stdio.o)
                0x0008764c                __swrite
 .text.__sseek  0x000876cc       0x5c c:/intelfpga_lite/23.1std/nios2eds/bin/gnu/h-x86_64-mingw32/bin/../lib/gcc/nios2-elf/12.3.1/../../../../../H-x86_64-mingw32/nios2-elf/lib/mhw-mulx\libc.a(libc_a-stdio.o)
                0x000876cc                __sseek
 .text.__sclose
                0x00087728        0x8 c:/intelfpga_lite/23.1std/nios2eds/bin/gnu/h-x86_64-mingw32/bin/../lib/gcc/nios2-elf/12.3.1/../../../../../H-x86_64-mingw32/nios2-elf/lib/mhw-mulx\libc.a(libc_a-stdio.o)
                0x00087728                __sclose
 .text          0x00087730        0x0 c:/intelfpga_lite/23.1std/nios2eds/bin/gnu/h-x86_64-mingw32/bin/../lib/gcc/nios2-elf/12.3.1/../../../../../H-x86_64-mingw32/nios2-elf/lib/mhw-mulx\libc.a(libc_a-wsetup.o)
 .text.__swsetup_r
                0x00087730      0x144 c:/intelfpga_lite/23.1std/nios2eds/bin/gnu/h-x86_64-mingw32/bin/../lib/gcc/nios2-elf/12.3.1/../../../../../H-x86_64-mingw32/nios2-elf/lib/mhw-mulx\libc.a(libc_a-wsetup.o)
                0x00087730                __swsetup_r
 .text          0x00087874        0x0 c:/intelfpga_lite/23.1std/nios2eds/bin/gnu/h-x86_64-mingw32/bin/../lib/gcc/nios2-elf/12.3.1/../../../../../H-x86_64-mingw32/nios2-elf/lib/mhw-mulx\libc.a(libc_a-fputwc.o)
 .text.__fputwc
                0x00087874      0x164 c:/intelfpga_lite/23.1std/nios2eds/bin/gnu/h-x86_64-mingw32/bin/../lib/gcc/nios2-elf/12.3.1/../../../../../H-x86_64-mingw32/nios2-elf/lib/mhw-mulx\libc.a(libc_a-fputwc.o)
                0x00087874                __fputwc
 .text._fputwc_r
                0x000879d8       0x24 c:/intelfpga_lite/23.1std/nios2eds/bin/gnu/h-x86_64-mingw32/bin/../lib/gcc/nios2-elf/12.3.1/../../../../../H-x86_64-mingw32/nios2-elf/lib/mhw-mulx\libc.a(libc_a-fputwc.o)
                0x000879d8                _fputwc_r
 .text.fputwc   0x000879fc       0x78 c:/intelfpga_lite/23.1std/nios2eds/bin/gnu/h-x86_64-mingw32/bin/../lib/gcc/nios2-elf/12.3.1/../../../../../H-x86_64-mingw32/nios2-elf/lib/mhw-mulx\libc.a(libc_a-fputwc.o)
                0x000879fc                fputwc
 .text          0x00087a74        0x0 c:/intelfpga_lite/23.1std/nios2eds/bin/gnu/h-x86_64-mingw32/bin/../lib/gcc/nios2-elf/12.3.1/../../../../../H-x86_64-mingw32/nios2-elf/lib/mhw-mulx\libc.a(libc_a-memchr.o)
 .text.memchr   0x00087a74       0xd0 c:/intelfpga_lite/23.1std/nios2eds/bin/gnu/h-x86_64-mingw32/bin/../lib/gcc/nios2-elf/12.3.1/../../../../../H-x86_64-mingw32/nios2-elf/lib/mhw-mulx\libc.a(libc_a-memchr.o)
                0x00087a74                memchr
 .text          0x00087b44        0x0 c:/intelfpga_lite/23.1std/nios2eds/bin/gnu/h-x86_64-mingw32/bin/../lib/gcc/nios2-elf/12.3.1/../../../../../H-x86_64-mingw32/nios2-elf/lib/mhw-mulx\libc.a(libc_a-memcpy.o)
 .text.memcpy   0x00087b44      0x100 c:/intelfpga_lite/23.1std/nios2eds/bin/gnu/h-x86_64-mingw32/bin/../lib/gcc/nios2-elf/12.3.1/../../../../../H-x86_64-mingw32/nios2-elf/lib/mhw-mulx\libc.a(libc_a-memcpy.o)
                0x00087b44                memcpy
 .text          0x00087c44        0x0 c:/intelfpga_lite/23.1std/nios2eds/bin/gnu/h-x86_64-mingw32/bin/../lib/gcc/nios2-elf/12.3.1/../../../../../H-x86_64-mingw32/nios2-elf/lib/mhw-mulx\libc.a(libc_a-memmove.o)
 .text.memmove  0x00087c44      0x128 c:/intelfpga_lite/23.1std/nios2eds/bin/gnu/h-x86_64-mingw32/bin/../lib/gcc/nios2-elf/12.3.1/../../../../../H-x86_64-mingw32/nios2-elf/lib/mhw-mulx\libc.a(libc_a-memmove.o)
                0x00087c44                memmove
 .text          0x00087d6c        0x0 c:/intelfpga_lite/23.1std/nios2eds/bin/gnu/h-x86_64-mingw32/bin/../lib/gcc/nios2-elf/12.3.1/../../../../../H-x86_64-mingw32/nios2-elf/lib/mhw-mulx\libc.a(libc_a-memset.o)
 .text.memset   0x00087d6c       0xf8 c:/intelfpga_lite/23.1std/nios2eds/bin/gnu/h-x86_64-mingw32/bin/../lib/gcc/nios2-elf/12.3.1/../../../../../H-x86_64-mingw32/nios2-elf/lib/mhw-mulx\libc.a(libc_a-memset.o)
                0x00087d6c                memset
 .text          0x00087e64        0x0 c:/intelfpga_lite/23.1std/nios2eds/bin/gnu/h-x86_64-mingw32/bin/../lib/gcc/nios2-elf/12.3.1/../../../../../H-x86_64-mingw32/nios2-elf/lib/mhw-mulx\libc.a(libc_a-locale.o)
 .text._setlocale_r
                0x00087e64       0x7c c:/intelfpga_lite/23.1std/nios2eds/bin/gnu/h-x86_64-mingw32/bin/../lib/gcc/nios2-elf/12.3.1/../../../../../H-x86_64-mingw32/nios2-elf/lib/mhw-mulx\libc.a(libc_a-locale.o)
                0x00087e64                _setlocale_r
 .text.__locale_mb_cur_max
                0x00087ee0        0xc c:/intelfpga_lite/23.1std/nios2eds/bin/gnu/h-x86_64-mingw32/bin/../lib/gcc/nios2-elf/12.3.1/../../../../../H-x86_64-mingw32/nios2-elf/lib/mhw-mulx\libc.a(libc_a-locale.o)
                0x00087ee0                __locale_mb_cur_max
 .text.setlocale
                0x00087eec       0x7c c:/intelfpga_lite/23.1std/nios2eds/bin/gnu/h-x86_64-mingw32/bin/../lib/gcc/nios2-elf/12.3.1/../../../../../H-x86_64-mingw32/nios2-elf/lib/mhw-mulx\libc.a(libc_a-locale.o)
                0x00087eec                setlocale
 .text          0x00087f68        0x0 c:/intelfpga_lite/23.1std/nios2eds/bin/gnu/h-x86_64-mingw32/bin/../lib/gcc/nios2-elf/12.3.1/../../../../../H-x86_64-mingw32/nios2-elf/lib/mhw-mulx\libc.a(libc_a-localeconv.o)
 .text.__localeconv_l
                0x00087f68        0x8 c:/intelfpga_lite/23.1std/nios2eds/bin/gnu/h-x86_64-mingw32/bin/../lib/gcc/nios2-elf/12.3.1/../../../../../H-x86_64-mingw32/nios2-elf/lib/mhw-mulx\libc.a(libc_a-localeconv.o)
                0x00087f68                __localeconv_l
 .text._localeconv_r
                0x00087f70        0xc c:/intelfpga_lite/23.1std/nios2eds/bin/gnu/h-x86_64-mingw32/bin/../lib/gcc/nios2-elf/12.3.1/../../../../../H-x86_64-mingw32/nios2-elf/lib/mhw-mulx\libc.a(libc_a-localeconv.o)
                0x00087f70                _localeconv_r
 .text.localeconv
                0x00087f7c        0xc c:/intelfpga_lite/23.1std/nios2eds/bin/gnu/h-x86_64-mingw32/bin/../lib/gcc/nios2-elf/12.3.1/../../../../../H-x86_64-mingw32/nios2-elf/lib/mhw-mulx\libc.a(libc_a-localeconv.o)
                0x00087f7c                localeconv
 .text          0x00087f88        0x0 c:/intelfpga_lite/23.1std/nios2eds/bin/gnu/h-x86_64-mingw32/bin/../lib/gcc/nios2-elf/12.3.1/../../../../../H-x86_64-mingw32/nios2-elf/lib/mhw-mulx\libc.a(libc_a-closer.o)
 .text._close_r
                0x00087f88       0x58 c:/intelfpga_lite/23.1std/nios2eds/bin/gnu/h-x86_64-mingw32/bin/../lib/gcc/nios2-elf/12.3.1/../../../../../H-x86_64-mingw32/nios2-elf/lib/mhw-mulx\libc.a(libc_a-closer.o)
                0x00087f88                _close_r
 .text          0x00087fe0        0x0 c:/intelfpga_lite/23.1std/nios2eds/bin/gnu/h-x86_64-mingw32/bin/../lib/gcc/nios2-elf/12.3.1/../../../../../H-x86_64-mingw32/nios2-elf/lib/mhw-mulx\libc.a(libc_a-reent.o)
 .text._reclaim_reent
                0x00087fe0       0xc8 c:/intelfpga_lite/23.1std/nios2eds/bin/gnu/h-x86_64-mingw32/bin/../lib/gcc/nios2-elf/12.3.1/../../../../../H-x86_64-mingw32/nios2-elf/lib/mhw-mulx\libc.a(libc_a-reent.o)
                0x00087fe0                _reclaim_reent
 .text          0x000880a8        0x0 c:/intelfpga_lite/23.1std/nios2eds/bin/gnu/h-x86_64-mingw32/bin/../lib/gcc/nios2-elf/12.3.1/../../../../../H-x86_64-mingw32/nios2-elf/lib/mhw-mulx\libc.a(libc_a-lseekr.o)
 .text._lseek_r
                0x000880a8       0x64 c:/intelfpga_lite/23.1std/nios2eds/bin/gnu/h-x86_64-mingw32/bin/../lib/gcc/nios2-elf/12.3.1/../../../../../H-x86_64-mingw32/nios2-elf/lib/mhw-mulx\libc.a(libc_a-lseekr.o)
                0x000880a8                _lseek_r
 .text          0x0008810c        0x0 c:/intelfpga_lite/23.1std/nios2eds/bin/gnu/h-x86_64-mingw32/bin/../lib/gcc/nios2-elf/12.3.1/../../../../../H-x86_64-mingw32/nios2-elf/lib/mhw-mulx\libc.a(libc_a-readr.o)
 .text._read_r  0x0008810c       0x64 c:/intelfpga_lite/23.1std/nios2eds/bin/gnu/h-x86_64-mingw32/bin/../lib/gcc/nios2-elf/12.3.1/../../../../../H-x86_64-mingw32/nios2-elf/lib/mhw-mulx\libc.a(libc_a-readr.o)
                0x0008810c                _read_r
 .text          0x00088170        0x0 c:/intelfpga_lite/23.1std/nios2eds/bin/gnu/h-x86_64-mingw32/bin/../lib/gcc/nios2-elf/12.3.1/../../../../../H-x86_64-mingw32/nios2-elf/lib/mhw-mulx\libc.a(libc_a-writer.o)
 .text._write_r
                0x00088170       0x64 c:/intelfpga_lite/23.1std/nios2eds/bin/gnu/h-x86_64-mingw32/bin/../lib/gcc/nios2-elf/12.3.1/../../../../../H-x86_64-mingw32/nios2-elf/lib/mhw-mulx\libc.a(libc_a-writer.o)
                0x00088170                _write_r
 .text          0x000881d4        0x0 c:/intelfpga_lite/23.1std/nios2eds/bin/gnu/h-x86_64-mingw32/bin/../lib/gcc/nios2-elf/12.3.1/../../../../../H-x86_64-mingw32/nios2-elf/lib/mhw-mulx\libc.a(libc_a-dtoa.o)
 .text.quorem   0x000881d4      0x1fc c:/intelfpga_lite/23.1std/nios2eds/bin/gnu/h-x86_64-mingw32/bin/../lib/gcc/nios2-elf/12.3.1/../../../../../H-x86_64-mingw32/nios2-elf/lib/mhw-mulx\libc.a(libc_a-dtoa.o)
 .text._dtoa_r  0x000883d0     0x17e8 c:/intelfpga_lite/23.1std/nios2eds/bin/gnu/h-x86_64-mingw32/bin/../lib/gcc/nios2-elf/12.3.1/../../../../../H-x86_64-mingw32/nios2-elf/lib/mhw-mulx\libc.a(libc_a-dtoa.o)
                0x000883d0                _dtoa_r
 .text          0x00089bb8        0x0 c:/intelfpga_lite/23.1std/nios2eds/bin/gnu/h-x86_64-mingw32/bin/../lib/gcc/nios2-elf/12.3.1/../../../../../H-x86_64-mingw32/nios2-elf/lib/mhw-mulx\libc.a(libc_a-exit.o)
 .text.exit     0x00089bb8       0x30 c:/intelfpga_lite/23.1std/nios2eds/bin/gnu/h-x86_64-mingw32/bin/../lib/gcc/nios2-elf/12.3.1/../../../../../H-x86_64-mingw32/nios2-elf/lib/mhw-mulx\libc.a(libc_a-exit.o)
                0x00089bb8                exit
 .text          0x00089be8        0x0 c:/intelfpga_lite/23.1std/nios2eds/bin/gnu/h-x86_64-mingw32/bin/../lib/gcc/nios2-elf/12.3.1/../../../../../H-x86_64-mingw32/nios2-elf/lib/mhw-mulx\libc.a(libc_a-freer.o)
 .text._malloc_trim_r
                0x00089be8      0x124 c:/intelfpga_lite/23.1std/nios2eds/bin/gnu/h-x86_64-mingw32/bin/../lib/gcc/nios2-elf/12.3.1/../../../../../H-x86_64-mingw32/nios2-elf/lib/mhw-mulx\libc.a(libc_a-freer.o)
                0x00089be8                _malloc_trim_r
 .text._free_r  0x00089d0c      0x308 c:/intelfpga_lite/23.1std/nios2eds/bin/gnu/h-x86_64-mingw32/bin/../lib/gcc/nios2-elf/12.3.1/../../../../../H-x86_64-mingw32/nios2-elf/lib/mhw-mulx\libc.a(libc_a-freer.o)
                0x00089d0c                _free_r
 .text          0x0008a014        0x0 c:/intelfpga_lite/23.1std/nios2eds/bin/gnu/h-x86_64-mingw32/bin/../lib/gcc/nios2-elf/12.3.1/../../../../../H-x86_64-mingw32/nios2-elf/lib/mhw-mulx\libc.a(libc_a-mallocr.o)
 .text._malloc_r
                0x0008a014      0x7c8 c:/intelfpga_lite/23.1std/nios2eds/bin/gnu/h-x86_64-mingw32/bin/../lib/gcc/nios2-elf/12.3.1/../../../../../H-x86_64-mingw32/nios2-elf/lib/mhw-mulx\libc.a(libc_a-mallocr.o)
                0x0008a014                _malloc_r
 .text          0x0008a7dc        0x0 c:/intelfpga_lite/23.1std/nios2eds/bin/gnu/h-x86_64-mingw32/bin/../lib/gcc/nios2-elf/12.3.1/../../../../../H-x86_64-mingw32/nios2-elf/lib/mhw-mulx\libc.a(libc_a-mbtowc_r.o)
 .text._mbtowc_r
                0x0008a7dc        0xc c:/intelfpga_lite/23.1std/nios2eds/bin/gnu/h-x86_64-mingw32/bin/../lib/gcc/nios2-elf/12.3.1/../../../../../H-x86_64-mingw32/nios2-elf/lib/mhw-mulx\libc.a(libc_a-mbtowc_r.o)
                0x0008a7dc                _mbtowc_r
 .text.__ascii_mbtowc
                0x0008a7e8       0x44 c:/intelfpga_lite/23.1std/nios2eds/bin/gnu/h-x86_64-mingw32/bin/../lib/gcc/nios2-elf/12.3.1/../../../../../H-x86_64-mingw32/nios2-elf/lib/mhw-mulx\libc.a(libc_a-mbtowc_r.o)
                0x0008a7e8                __ascii_mbtowc
 .text          0x0008a82c        0x0 c:/intelfpga_lite/23.1std/nios2eds/bin/gnu/h-x86_64-mingw32/bin/../lib/gcc/nios2-elf/12.3.1/../../../../../H-x86_64-mingw32/nios2-elf/lib/mhw-mulx\libc.a(libc_a-mprec.o)
 .text._Balloc  0x0008a82c       0xa4 c:/intelfpga_lite/23.1std/nios2eds/bin/gnu/h-x86_64-mingw32/bin/../lib/gcc/nios2-elf/12.3.1/../../../../../H-x86_64-mingw32/nios2-elf/lib/mhw-mulx\libc.a(libc_a-mprec.o)
                0x0008a82c                _Balloc
 .text._Bfree   0x0008a8d0       0x24 c:/intelfpga_lite/23.1std/nios2eds/bin/gnu/h-x86_64-mingw32/bin/../lib/gcc/nios2-elf/12.3.1/../../../../../H-x86_64-mingw32/nios2-elf/lib/mhw-mulx\libc.a(libc_a-mprec.o)
                0x0008a8d0                _Bfree
 .text.__multadd
                0x0008a8f4      0x130 c:/intelfpga_lite/23.1std/nios2eds/bin/gnu/h-x86_64-mingw32/bin/../lib/gcc/nios2-elf/12.3.1/../../../../../H-x86_64-mingw32/nios2-elf/lib/mhw-mulx\libc.a(libc_a-mprec.o)
                0x0008a8f4                __multadd
 .text.__s2b    0x0008aa24      0x138 c:/intelfpga_lite/23.1std/nios2eds/bin/gnu/h-x86_64-mingw32/bin/../lib/gcc/nios2-elf/12.3.1/../../../../../H-x86_64-mingw32/nios2-elf/lib/mhw-mulx\libc.a(libc_a-mprec.o)
                0x0008aa24                __s2b
 .text.__hi0bits
                0x0008ab5c       0x74 c:/intelfpga_lite/23.1std/nios2eds/bin/gnu/h-x86_64-mingw32/bin/../lib/gcc/nios2-elf/12.3.1/../../../../../H-x86_64-mingw32/nios2-elf/lib/mhw-mulx\libc.a(libc_a-mprec.o)
                0x0008ab5c                __hi0bits
 .text.__lo0bits
                0x0008abd0       0xb0 c:/intelfpga_lite/23.1std/nios2eds/bin/gnu/h-x86_64-mingw32/bin/../lib/gcc/nios2-elf/12.3.1/../../../../../H-x86_64-mingw32/nios2-elf/lib/mhw-mulx\libc.a(libc_a-mprec.o)
                0x0008abd0                __lo0bits
 .text.__i2b    0x0008ac80       0xb0 c:/intelfpga_lite/23.1std/nios2eds/bin/gnu/h-x86_64-mingw32/bin/../lib/gcc/nios2-elf/12.3.1/../../../../../H-x86_64-mingw32/nios2-elf/lib/mhw-mulx\libc.a(libc_a-mprec.o)
                0x0008ac80                __i2b
 .text.__multiply
                0x0008ad30      0x22c c:/intelfpga_lite/23.1std/nios2eds/bin/gnu/h-x86_64-mingw32/bin/../lib/gcc/nios2-elf/12.3.1/../../../../../H-x86_64-mingw32/nios2-elf/lib/mhw-mulx\libc.a(libc_a-mprec.o)
                0x0008ad30                __multiply
 .text.__pow5mult
                0x0008af5c      0x140 c:/intelfpga_lite/23.1std/nios2eds/bin/gnu/h-x86_64-mingw32/bin/../lib/gcc/nios2-elf/12.3.1/../../../../../H-x86_64-mingw32/nios2-elf/lib/mhw-mulx\libc.a(libc_a-mprec.o)
                0x0008af5c                __pow5mult
 .text.__lshift
                0x0008b09c      0x188 c:/intelfpga_lite/23.1std/nios2eds/bin/gnu/h-x86_64-mingw32/bin/../lib/gcc/nios2-elf/12.3.1/../../../../../H-x86_64-mingw32/nios2-elf/lib/mhw-mulx\libc.a(libc_a-mprec.o)
                0x0008b09c                __lshift
 .text.__mcmp   0x0008b224       0x58 c:/intelfpga_lite/23.1std/nios2eds/bin/gnu/h-x86_64-mingw32/bin/../lib/gcc/nios2-elf/12.3.1/../../../../../H-x86_64-mingw32/nios2-elf/lib/mhw-mulx\libc.a(libc_a-mprec.o)
                0x0008b224                __mcmp
 .text.__mdiff  0x0008b27c      0x230 c:/intelfpga_lite/23.1std/nios2eds/bin/gnu/h-x86_64-mingw32/bin/../lib/gcc/nios2-elf/12.3.1/../../../../../H-x86_64-mingw32/nios2-elf/lib/mhw-mulx\libc.a(libc_a-mprec.o)
                0x0008b27c                __mdiff
 .text.__ulp    0x0008b4ac       0x60 c:/intelfpga_lite/23.1std/nios2eds/bin/gnu/h-x86_64-mingw32/bin/../lib/gcc/nios2-elf/12.3.1/../../../../../H-x86_64-mingw32/nios2-elf/lib/mhw-mulx\libc.a(libc_a-mprec.o)
                0x0008b4ac                __ulp
 .text.__b2d    0x0008b50c      0x100 c:/intelfpga_lite/23.1std/nios2eds/bin/gnu/h-x86_64-mingw32/bin/../lib/gcc/nios2-elf/12.3.1/../../../../../H-x86_64-mingw32/nios2-elf/lib/mhw-mulx\libc.a(libc_a-mprec.o)
                0x0008b50c                __b2d
 .text.__d2b    0x0008b60c      0x158 c:/intelfpga_lite/23.1std/nios2eds/bin/gnu/h-x86_64-mingw32/bin/../lib/gcc/nios2-elf/12.3.1/../../../../../H-x86_64-mingw32/nios2-elf/lib/mhw-mulx\libc.a(libc_a-mprec.o)
                0x0008b60c                __d2b
 .text.__ratio  0x0008b764       0xa8 c:/intelfpga_lite/23.1std/nios2eds/bin/gnu/h-x86_64-mingw32/bin/../lib/gcc/nios2-elf/12.3.1/../../../../../H-x86_64-mingw32/nios2-elf/lib/mhw-mulx\libc.a(libc_a-mprec.o)
                0x0008b764                __ratio
 .text._mprec_log10
                0x0008b80c       0x70 c:/intelfpga_lite/23.1std/nios2eds/bin/gnu/h-x86_64-mingw32/bin/../lib/gcc/nios2-elf/12.3.1/../../../../../H-x86_64-mingw32/nios2-elf/lib/mhw-mulx\libc.a(libc_a-mprec.o)
                0x0008b80c                _mprec_log10
 .text.__copybits
                0x0008b87c       0x6c c:/intelfpga_lite/23.1std/nios2eds/bin/gnu/h-x86_64-mingw32/bin/../lib/gcc/nios2-elf/12.3.1/../../../../../H-x86_64-mingw32/nios2-elf/lib/mhw-mulx\libc.a(libc_a-mprec.o)
                0x0008b87c                __copybits
 .text.__any_on
                0x0008b8e8       0x60 c:/intelfpga_lite/23.1std/nios2eds/bin/gnu/h-x86_64-mingw32/bin/../lib/gcc/nios2-elf/12.3.1/../../../../../H-x86_64-mingw32/nios2-elf/lib/mhw-mulx\libc.a(libc_a-mprec.o)
                0x0008b8e8                __any_on
 .text          0x0008b948        0x0 c:/intelfpga_lite/23.1std/nios2eds/bin/gnu/h-x86_64-mingw32/bin/../lib/gcc/nios2-elf/12.3.1/../../../../../H-x86_64-mingw32/nios2-elf/lib/mhw-mulx\libc.a(libc_a-reallocr.o)
 .text._realloc_r
                0x0008b948      0x5ec c:/intelfpga_lite/23.1std/nios2eds/bin/gnu/h-x86_64-mingw32/bin/../lib/gcc/nios2-elf/12.3.1/../../../../../H-x86_64-mingw32/nios2-elf/lib/mhw-mulx\libc.a(libc_a-reallocr.o)
                0x0008b948                _realloc_r
 .text          0x0008bf34        0x0 c:/intelfpga_lite/23.1std/nios2eds/bin/gnu/h-x86_64-mingw32/bin/../lib/gcc/nios2-elf/12.3.1/../../../../../H-x86_64-mingw32/nios2-elf/lib/mhw-mulx\libc.a(libc_a-wctomb_r.o)
 .text._wctomb_r
                0x0008bf34        0xc c:/intelfpga_lite/23.1std/nios2eds/bin/gnu/h-x86_64-mingw32/bin/../lib/gcc/nios2-elf/12.3.1/../../../../../H-x86_64-mingw32/nios2-elf/lib/mhw-mulx\libc.a(libc_a-wctomb_r.o)
                0x0008bf34                _wctomb_r
 .text.__ascii_wctomb
                0x0008bf40       0x30 c:/intelfpga_lite/23.1std/nios2eds/bin/gnu/h-x86_64-mingw32/bin/../lib/gcc/nios2-elf/12.3.1/../../../../../H-x86_64-mingw32/nios2-elf/lib/mhw-mulx\libc.a(libc_a-wctomb_r.o)
                0x0008bf40                __ascii_wctomb
 .text          0x0008bf70        0x0 c:/intelfpga_lite/23.1std/nios2eds/bin/gnu/h-x86_64-mingw32/bin/../lib/gcc/nios2-elf/12.3.1/../../../../../H-x86_64-mingw32/nios2-elf/lib/mhw-mulx\libc.a(libc_a-wcrtomb.o)
 .text._wcrtomb_r
                0x0008bf70       0x6c c:/intelfpga_lite/23.1std/nios2eds/bin/gnu/h-x86_64-mingw32/bin/../lib/gcc/nios2-elf/12.3.1/../../../../../H-x86_64-mingw32/nios2-elf/lib/mhw-mulx\libc.a(libc_a-wcrtomb.o)
                0x0008bf70                _wcrtomb_r
 .text.wcrtomb  0x0008bfdc       0x88 c:/intelfpga_lite/23.1std/nios2eds/bin/gnu/h-x86_64-mingw32/bin/../lib/gcc/nios2-elf/12.3.1/../../../../../H-x86_64-mingw32/nios2-elf/lib/mhw-mulx\libc.a(libc_a-wcrtomb.o)
                0x0008bfdc                wcrtomb
 .text          0x0008c064        0x0 c:/intelfpga_lite/23.1std/nios2eds/bin/gnu/h-x86_64-mingw32/bin/../lib/gcc/nios2-elf/12.3.1/../../../../../H-x86_64-mingw32/nios2-elf/lib/mhw-mulx\libc.a(libc_a-ctype_.o)
 .text          0x0008c064        0x0 c:/intelfpga_lite/23.1std/nios2eds/bin/gnu/h-x86_64-mingw32/bin/../lib/gcc/nios2-elf/12.3.1/../../../../../H-x86_64-mingw32/nios2-elf/lib/mhw-mulx\libc.a(libc_a-fclose.o)
 .text._fclose_r
                0x0008c064       0xf0 c:/intelfpga_lite/23.1std/nios2eds/bin/gnu/h-x86_64-mingw32/bin/../lib/gcc/nios2-elf/12.3.1/../../../../../H-x86_64-mingw32/nios2-elf/lib/mhw-mulx\libc.a(libc_a-fclose.o)
                0x0008c064                _fclose_r
 .text.fclose   0x0008c154       0x10 c:/intelfpga_lite/23.1std/nios2eds/bin/gnu/h-x86_64-mingw32/bin/../lib/gcc/nios2-elf/12.3.1/../../../../../H-x86_64-mingw32/nios2-elf/lib/mhw-mulx\libc.a(libc_a-fclose.o)
                0x0008c154                fclose
 .text          0x0008c164        0x0 c:/intelfpga_lite/23.1std/nios2eds/bin/gnu/h-x86_64-mingw32/bin/../lib/gcc/nios2-elf/12.3.1/../../../../../H-x86_64-mingw32/nios2-elf/lib/mhw-mulx\libc.a(libc_a-makebuf.o)
 .text.__smakebuf_r
                0x0008c164      0x1a8 c:/intelfpga_lite/23.1std/nios2eds/bin/gnu/h-x86_64-mingw32/bin/../lib/gcc/nios2-elf/12.3.1/../../../../../H-x86_64-mingw32/nios2-elf/lib/mhw-mulx\libc.a(libc_a-makebuf.o)
                0x0008c164                __smakebuf_r
 .text.__swhatbuf_r
                0x0008c30c       0x8c c:/intelfpga_lite/23.1std/nios2eds/bin/gnu/h-x86_64-mingw32/bin/../lib/gcc/nios2-elf/12.3.1/../../../../../H-x86_64-mingw32/nios2-elf/lib/mhw-mulx\libc.a(libc_a-makebuf.o)
                0x0008c30c                __swhatbuf_r
 .text          0x0008c398        0x0 c:/intelfpga_lite/23.1std/nios2eds/bin/gnu/h-x86_64-mingw32/bin/../lib/gcc/nios2-elf/12.3.1/../../../../../H-x86_64-mingw32/nios2-elf/lib/mhw-mulx\libc.a(libc_a-wbuf.o)
 .text.__swbuf_r
                0x0008c398      0x148 c:/intelfpga_lite/23.1std/nios2eds/bin/gnu/h-x86_64-mingw32/bin/../lib/gcc/nios2-elf/12.3.1/../../../../../H-x86_64-mingw32/nios2-elf/lib/mhw-mulx\libc.a(libc_a-wbuf.o)
                0x0008c398                __swbuf_r
 .text.__swbuf  0x0008c4e0       0x18 c:/intelfpga_lite/23.1std/nios2eds/bin/gnu/h-x86_64-mingw32/bin/../lib/gcc/nios2-elf/12.3.1/../../../../../H-x86_64-mingw32/nios2-elf/lib/mhw-mulx\libc.a(libc_a-wbuf.o)
                0x0008c4e0                __swbuf
 .text          0x0008c4f8        0x0 c:/intelfpga_lite/23.1std/nios2eds/bin/gnu/h-x86_64-mingw32/bin/../lib/gcc/nios2-elf/12.3.1/../../../../../H-x86_64-mingw32/nios2-elf/lib/mhw-mulx\libc.a(libc_a-strcmp.o)
 .text.strcmp   0x0008c4f8       0xb8 c:/intelfpga_lite/23.1std/nios2eds/bin/gnu/h-x86_64-mingw32/bin/../lib/gcc/nios2-elf/12.3.1/../../../../../H-x86_64-mingw32/nios2-elf/lib/mhw-mulx\libc.a(libc_a-strcmp.o)
                0x0008c4f8                strcmp
 .text          0x0008c5b0        0x0 c:/intelfpga_lite/23.1std/nios2eds/bin/gnu/h-x86_64-mingw32/bin/../lib/gcc/nios2-elf/12.3.1/../../../../../H-x86_64-mingw32/nios2-elf/lib/mhw-mulx\libc.a(libc_a-fstatr.o)
 .text._fstat_r
                0x0008c5b0       0x60 c:/intelfpga_lite/23.1std/nios2eds/bin/gnu/h-x86_64-mingw32/bin/../lib/gcc/nios2-elf/12.3.1/../../../../../H-x86_64-mingw32/nios2-elf/lib/mhw-mulx\libc.a(libc_a-fstatr.o)
                0x0008c5b0                _fstat_r
 .text          0x0008c610        0x0 c:/intelfpga_lite/23.1std/nios2eds/bin/gnu/h-x86_64-mingw32/bin/../lib/gcc/nios2-elf/12.3.1/../../../../../H-x86_64-mingw32/nios2-elf/lib/mhw-mulx\libc.a(libc_a-isattyr.o)
 .text._isatty_r
                0x0008c610       0x58 c:/intelfpga_lite/23.1std/nios2eds/bin/gnu/h-x86_64-mingw32/bin/../lib/gcc/nios2-elf/12.3.1/../../../../../H-x86_64-mingw32/nios2-elf/lib/mhw-mulx\libc.a(libc_a-isattyr.o)
                0x0008c610                _isatty_r
 .text          0x0008c668        0x0 c:/intelfpga_lite/23.1std/nios2eds/bin/gnu/h-x86_64-mingw32/bin/../lib/gcc/nios2-elf/12.3.1/../../../../../H-x86_64-mingw32/nios2-elf/lib/mhw-mulx\libc.a(libc_a-sbrkr.o)
 .text._sbrk_r  0x0008c668       0x58 c:/intelfpga_lite/23.1std/nios2eds/bin/gnu/h-x86_64-mingw32/bin/../lib/gcc/nios2-elf/12.3.1/../../../../../H-x86_64-mingw32/nios2-elf/lib/mhw-mulx\libc.a(libc_a-sbrkr.o)
                0x0008c668                _sbrk_r
 .text          0x0008c6c0        0x0 c:/intelfpga_lite/23.1std/nios2eds/bin/gnu/h-x86_64-mingw32/bin/../lib/gcc/nios2-elf/12.3.1/../../../../../H-x86_64-mingw32/nios2-elf/lib/mhw-mulx\libc.a(libc_a-__call_atexit.o)
 .text.__call_exitprocs
                0x0008c6c0      0x118 c:/intelfpga_lite/23.1std/nios2eds/bin/gnu/h-x86_64-mingw32/bin/../lib/gcc/nios2-elf/12.3.1/../../../../../H-x86_64-mingw32/nios2-elf/lib/mhw-mulx\libc.a(libc_a-__call_atexit.o)
                0x0008c6c0                __call_exitprocs
 .text          0x0008c7d8        0x0 c:/intelfpga_lite/23.1std/nios2eds/bin/gnu/h-x86_64-mingw32/bin/../lib/gcc/nios2-elf/12.3.1/../../../../../H-x86_64-mingw32/nios2-elf/lib/mhw-mulx\libc.a(libc_a-assert.o)
 .text.__assert_func
                0x0008c7d8       0x64 c:/intelfpga_lite/23.1std/nios2eds/bin/gnu/h-x86_64-mingw32/bin/../lib/gcc/nios2-elf/12.3.1/../../../../../H-x86_64-mingw32/nios2-elf/lib/mhw-mulx\libc.a(libc_a-assert.o)
                0x0008c7d8                __assert_func
 .text.__assert
                0x0008c83c       0x14 c:/intelfpga_lite/23.1std/nios2eds/bin/gnu/h-x86_64-mingw32/bin/../lib/gcc/nios2-elf/12.3.1/../../../../../H-x86_64-mingw32/nios2-elf/lib/mhw-mulx\libc.a(libc_a-assert.o)
                0x0008c83c                __assert
 .text          0x0008c850        0x0 c:/intelfpga_lite/23.1std/nios2eds/bin/gnu/h-x86_64-mingw32/bin/../lib/gcc/nios2-elf/12.3.1/../../../../../H-x86_64-mingw32/nios2-elf/lib/mhw-mulx\libc.a(libc_a-callocr.o)
 .text._calloc_r
                0x0008c850       0xcc c:/intelfpga_lite/23.1std/nios2eds/bin/gnu/h-x86_64-mingw32/bin/../lib/gcc/nios2-elf/12.3.1/../../../../../H-x86_64-mingw32/nios2-elf/lib/mhw-mulx\libc.a(libc_a-callocr.o)
                0x0008c850                _calloc_r
 .text          0x0008c91c        0x0 c:/intelfpga_lite/23.1std/nios2eds/bin/gnu/h-x86_64-mingw32/bin/../lib/gcc/nios2-elf/12.3.1/../../../../../H-x86_64-mingw32/nios2-elf/lib/mhw-mulx\libc.a(libc_a-fiprintf.o)
 .text._fiprintf_r
                0x0008c91c       0x20 c:/intelfpga_lite/23.1std/nios2eds/bin/gnu/h-x86_64-mingw32/bin/../lib/gcc/nios2-elf/12.3.1/../../../../../H-x86_64-mingw32/nios2-elf/lib/mhw-mulx\libc.a(libc_a-fiprintf.o)
                0x0008c91c                _fiprintf_r
 .text.fiprintf
                0x0008c93c       0x38 c:/intelfpga_lite/23.1std/nios2eds/bin/gnu/h-x86_64-mingw32/bin/../lib/gcc/nios2-elf/12.3.1/../../../../../H-x86_64-mingw32/nios2-elf/lib/mhw-mulx\libc.a(libc_a-fiprintf.o)
                0x0008c93c                fiprintf
 .text          0x0008c974        0x0 c:/intelfpga_lite/23.1std/nios2eds/bin/gnu/h-x86_64-mingw32/bin/../lib/gcc/nios2-elf/12.3.1/../../../../../H-x86_64-mingw32/nios2-elf/lib/mhw-mulx\libc.a(libc_a-vfiprintfr_1.o)
 .text._vfiprintf_r
                0x0008c974        0x4 c:/intelfpga_lite/23.1std/nios2eds/bin/gnu/h-x86_64-mingw32/bin/../lib/gcc/nios2-elf/12.3.1/../../../../../H-x86_64-mingw32/nios2-elf/lib/mhw-mulx\libc.a(libc_a-vfiprintfr_1.o)
                0x0008c974                _vfiprintf_r
 .text          0x0008c978        0x0 c:/intelfpga_lite/23.1std/nios2eds/bin/gnu/h-x86_64-mingw32/bin/../lib/gcc/nios2-elf/12.3.1/../../../../../H-x86_64-mingw32/nios2-elf/lib/mhw-mulx\libc.a(libc_a-errno.o)
 .text.__errno  0x0008c978        0xc c:/intelfpga_lite/23.1std/nios2eds/bin/gnu/h-x86_64-mingw32/bin/../lib/gcc/nios2-elf/12.3.1/../../../../../H-x86_64-mingw32/nios2-elf/lib/mhw-mulx\libc.a(libc_a-errno.o)
                0x0008c978                __errno
 .text          0x0008c984        0x0 c:/intelfpga_lite/23.1std/nios2eds/bin/gnu/h-x86_64-mingw32/bin/../lib/gcc/nios2-elf/12.3.1/../../../../../H-x86_64-mingw32/nios2-elf/lib/mhw-mulx\libc.a(libc_a-abort.o)
 .text.abort    0x0008c984       0x18 c:/intelfpga_lite/23.1std/nios2eds/bin/gnu/h-x86_64-mingw32/bin/../lib/gcc/nios2-elf/12.3.1/../../../../../H-x86_64-mingw32/nios2-elf/lib/mhw-mulx\libc.a(libc_a-abort.o)
                0x0008c984                abort
 .text          0x0008c99c        0x0 c:/intelfpga_lite/23.1std/nios2eds/bin/gnu/h-x86_64-mingw32/bin/../lib/gcc/nios2-elf/12.3.1/../../../../../H-x86_64-mingw32/nios2-elf/lib/mhw-mulx\libc.a(libc_a-signal.o)
 .text._init_signal_r
                0x0008c99c       0x5c c:/intelfpga_lite/23.1std/nios2eds/bin/gnu/h-x86_64-mingw32/bin/../lib/gcc/nios2-elf/12.3.1/../../../../../H-x86_64-mingw32/nios2-elf/lib/mhw-mulx\libc.a(libc_a-signal.o)
                0x0008c99c                _init_signal_r
 .text._signal_r
                0x0008c9f8       0x8c c:/intelfpga_lite/23.1std/nios2eds/bin/gnu/h-x86_64-mingw32/bin/../lib/gcc/nios2-elf/12.3.1/../../../../../H-x86_64-mingw32/nios2-elf/lib/mhw-mulx\libc.a(libc_a-signal.o)
                0x0008c9f8                _signal_r
 .text._raise_r
                0x0008ca84       0xb0 c:/intelfpga_lite/23.1std/nios2eds/bin/gnu/h-x86_64-mingw32/bin/../lib/gcc/nios2-elf/12.3.1/../../../../../H-x86_64-mingw32/nios2-elf/lib/mhw-mulx\libc.a(libc_a-signal.o)
                0x0008ca84                _raise_r
 .text.__sigtramp_r
                0x0008cb34       0xbc c:/intelfpga_lite/23.1std/nios2eds/bin/gnu/h-x86_64-mingw32/bin/../lib/gcc/nios2-elf/12.3.1/../../../../../H-x86_64-mingw32/nios2-elf/lib/mhw-mulx\libc.a(libc_a-signal.o)
                0x0008cb34                __sigtramp_r
 .text.raise    0x0008cbf0       0xb4 c:/intelfpga_lite/23.1std/nios2eds/bin/gnu/h-x86_64-mingw32/bin/../lib/gcc/nios2-elf/12.3.1/../../../../../H-x86_64-mingw32/nios2-elf/lib/mhw-mulx\libc.a(libc_a-signal.o)
                0x0008cbf0                raise
 .text.signal   0x0008cca4       0x98 c:/intelfpga_lite/23.1std/nios2eds/bin/gnu/h-x86_64-mingw32/bin/../lib/gcc/nios2-elf/12.3.1/../../../../../H-x86_64-mingw32/nios2-elf/lib/mhw-mulx\libc.a(libc_a-signal.o)
                0x0008cca4                signal
 .text._init_signal
                0x0008cd3c       0x60 c:/intelfpga_lite/23.1std/nios2eds/bin/gnu/h-x86_64-mingw32/bin/../lib/gcc/nios2-elf/12.3.1/../../../../../H-x86_64-mingw32/nios2-elf/lib/mhw-mulx\libc.a(libc_a-signal.o)
                0x0008cd3c                _init_signal
 .text.__sigtramp
                0x0008cd9c       0xbc c:/intelfpga_lite/23.1std/nios2eds/bin/gnu/h-x86_64-mingw32/bin/../lib/gcc/nios2-elf/12.3.1/../../../../../H-x86_64-mingw32/nios2-elf/lib/mhw-mulx\libc.a(libc_a-signal.o)
                0x0008cd9c                __sigtramp
 .text          0x0008ce58        0x0 c:/intelfpga_lite/23.1std/nios2eds/bin/gnu/h-x86_64-mingw32/bin/../lib/gcc/nios2-elf/12.3.1/../../../../../H-x86_64-mingw32/nios2-elf/lib/mhw-mulx\libc.a(libc_a-signalr.o)
 .text._kill_r  0x0008ce58       0x60 c:/intelfpga_lite/23.1std/nios2eds/bin/gnu/h-x86_64-mingw32/bin/../lib/gcc/nios2-elf/12.3.1/../../../../../H-x86_64-mingw32/nios2-elf/lib/mhw-mulx\libc.a(libc_a-signalr.o)
                0x0008ce58                _kill_r
 .text._getpid_r
                0x0008ceb8        0x4 c:/intelfpga_lite/23.1std/nios2eds/bin/gnu/h-x86_64-mingw32/bin/../lib/gcc/nios2-elf/12.3.1/../../../../../H-x86_64-mingw32/nios2-elf/lib/mhw-mulx\libc.a(libc_a-signalr.o)
                0x0008ceb8                _getpid_r
 .text          0x0008cebc      0x550 c:/intelfpga_lite/23.1std/nios2eds/bin/gnu/h-x86_64-mingw32/bin/../lib/gcc/nios2-elf/12.3.1/mhw-mulx\libgcc.a(_udivdi3.o)
                0x0008cebc                __udivdi3
 .text          0x0008d40c      0x510 c:/intelfpga_lite/23.1std/nios2eds/bin/gnu/h-x86_64-mingw32/bin/../lib/gcc/nios2-elf/12.3.1/mhw-mulx\libgcc.a(_umoddi3.o)
                0x0008d40c                __umoddi3
 .text          0x0008d91c      0x1b4 c:/intelfpga_lite/23.1std/nios2eds/bin/gnu/h-x86_64-mingw32/bin/../lib/gcc/nios2-elf/12.3.1/mhw-mulx\libgcc.a(lib2-divmod.o)
                0x0008d91c                __divsi3
                0x0008d99c                __modsi3
                0x0008da10                __udivsi3
                0x0008da74                __umodsi3
 .text          0x0008dad0      0x904 c:/intelfpga_lite/23.1std/nios2eds/bin/gnu/h-x86_64-mingw32/bin/../lib/gcc/nios2-elf/12.3.1/mhw-mulx\libgcc.a(adddf3.o)
                0x0008dad0                __adddf3
 .text          0x0008e3d4      0x848 c:/intelfpga_lite/23.1std/nios2eds/bin/gnu/h-x86_64-mingw32/bin/../lib/gcc/nios2-elf/12.3.1/mhw-mulx\libgcc.a(divdf3.o)
                0x0008e3d4                __divdf3
 .text          0x0008ec1c       0x94 c:/intelfpga_lite/23.1std/nios2eds/bin/gnu/h-x86_64-mingw32/bin/../lib/gcc/nios2-elf/12.3.1/mhw-mulx\libgcc.a(eqdf2.o)
                0x0008ec1c                __nedf2
                0x0008ec1c                __eqdf2
 .text          0x0008ecb0       0xfc c:/intelfpga_lite/23.1std/nios2eds/bin/gnu/h-x86_64-mingw32/bin/../lib/gcc/nios2-elf/12.3.1/mhw-mulx\libgcc.a(gedf2.o)
                0x0008ecb0                __gedf2
                0x0008ecb0                __gtdf2
 .text          0x0008edac       0xf8 c:/intelfpga_lite/23.1std/nios2eds/bin/gnu/h-x86_64-mingw32/bin/../lib/gcc/nios2-elf/12.3.1/mhw-mulx\libgcc.a(ledf2.o)
                0x0008edac                __ledf2
                0x0008edac                __ltdf2
 .text          0x0008eea4      0x6d8 c:/intelfpga_lite/23.1std/nios2eds/bin/gnu/h-x86_64-mingw32/bin/../lib/gcc/nios2-elf/12.3.1/mhw-mulx\libgcc.a(muldf3.o)
                0x0008eea4                __muldf3
 .text          0x0008f57c      0x99c c:/intelfpga_lite/23.1std/nios2eds/bin/gnu/h-x86_64-mingw32/bin/../lib/gcc/nios2-elf/12.3.1/mhw-mulx\libgcc.a(subdf3.o)
                0x0008f57c                __subdf3
 .text          0x0008ff18       0x54 c:/intelfpga_lite/23.1std/nios2eds/bin/gnu/h-x86_64-mingw32/bin/../lib/gcc/nios2-elf/12.3.1/mhw-mulx\libgcc.a(unorddf2.o)
                0x0008ff18                __unorddf2
 .text          0x0008ff6c       0x80 c:/intelfpga_lite/23.1std/nios2eds/bin/gnu/h-x86_64-mingw32/bin/../lib/gcc/nios2-elf/12.3.1/mhw-mulx\libgcc.a(fixdfsi.o)
                0x0008ff6c                __fixdfsi
 .text          0x0008ffec       0xb8 c:/intelfpga_lite/23.1std/nios2eds/bin/gnu/h-x86_64-mingw32/bin/../lib/gcc/nios2-elf/12.3.1/mhw-mulx\libgcc.a(floatsidf.o)
                0x0008ffec                __floatsidf
 .text          0x000900a4       0x90 c:/intelfpga_lite/23.1std/nios2eds/bin/gnu/h-x86_64-mingw32/bin/../lib/gcc/nios2-elf/12.3.1/mhw-mulx\libgcc.a(floatunsidf.o)
                0x000900a4                __floatunsidf
 .text          0x00090134      0x10c c:/Users/Galileo/Projects/ELEC60011-fpga/system_template_de1_soc/software/hello_world2_bsp/\libhal_bsp.a(alt_close.o)
                0x00090170                close
 .text          0x00090240       0x2c c:/Users/Galileo/Projects/ELEC60011-fpga/system_template_de1_soc/software/hello_world2_bsp/\libhal_bsp.a(alt_dev.o)
 .text          0x0009026c        0x0 c:/Users/Galileo/Projects/ELEC60011-fpga/system_template_de1_soc/software/hello_world2_bsp/\libhal_bsp.a(alt_errno.o)
 .text          0x0009026c       0x3c c:/Users/Galileo/Projects/ELEC60011-fpga/system_template_de1_soc/software/hello_world2_bsp/\libhal_bsp.a(alt_exit.o)
                0x0009026c                _exit
 .text          0x000902a8       0xec c:/Users/Galileo/Projects/ELEC60011-fpga/system_template_de1_soc/software/hello_world2_bsp/\libhal_bsp.a(alt_fstat.o)
                0x000902e4                fstat
 .text          0x00090394       0x20 c:/Users/Galileo/Projects/ELEC60011-fpga/system_template_de1_soc/software/hello_world2_bsp/\libhal_bsp.a(alt_getpid.o)
                0x00090394                getpid
 .text          0x000903b4       0xe0 c:/Users/Galileo/Projects/ELEC60011-fpga/system_template_de1_soc/software/hello_world2_bsp/\libhal_bsp.a(alt_isatty.o)
                0x000903f0                isatty
 .text          0x00090494      0x12c c:/Users/Galileo/Projects/ELEC60011-fpga/system_template_de1_soc/software/hello_world2_bsp/\libhal_bsp.a(alt_kill.o)
                0x000904d0                kill
 .text          0x000905c0       0xec c:/Users/Galileo/Projects/ELEC60011-fpga/system_template_de1_soc/software/hello_world2_bsp/\libhal_bsp.a(alt_load.o)
                0x00090628                alt_load
 .text          0x000906ac      0x110 c:/Users/Galileo/Projects/ELEC60011-fpga/system_template_de1_soc/software/hello_world2_bsp/\libhal_bsp.a(alt_lseek.o)
                0x000906e8                lseek
 .text          0x000907bc       0x6c c:/Users/Galileo/Projects/ELEC60011-fpga/system_template_de1_soc/software/hello_world2_bsp/\libhal_bsp.a(alt_main.o)
                0x000907bc                alt_main
 .text          0x00090828       0x48 c:/Users/Galileo/Projects/ELEC60011-fpga/system_template_de1_soc/software/hello_world2_bsp/\libhal_bsp.a(alt_malloc_lock.o)
                0x00090828                __malloc_lock
                0x0009084c                __malloc_unlock
 .text          0x00090870      0x138 c:/Users/Galileo/Projects/ELEC60011-fpga/system_template_de1_soc/software/hello_world2_bsp/\libhal_bsp.a(alt_read.o)
                0x000908ac                read
 .text          0x000909a8       0x58 c:/Users/Galileo/Projects/ELEC60011-fpga/system_template_de1_soc/software/hello_world2_bsp/\libhal_bsp.a(alt_release_fd.o)
                0x000909a8                alt_release_fd
 .text          0x00090a00       0xb8 c:/Users/Galileo/Projects/ELEC60011-fpga/system_template_de1_soc/software/hello_world2_bsp/\libhal_bsp.a(alt_sbrk.o)
                0x00090a00                sbrk
 .text          0x00090ab8       0xb8 c:/Users/Galileo/Projects/ELEC60011-fpga/system_template_de1_soc/software/hello_world2_bsp/\libhal_bsp.a(alt_times.o)
                0x00090af4                times
 .text          0x00090b70      0x134 c:/Users/Galileo/Projects/ELEC60011-fpga/system_template_de1_soc/software/hello_world2_bsp/\libhal_bsp.a(alt_write.o)
                0x00090bac                write
 .text          0x00090ca4       0xc0 c:/Users/Galileo/Projects/ELEC60011-fpga/system_template_de1_soc/software/hello_world2_bsp/\libhal_bsp.a(alt_sys_init.o)
                0x00090cd8                alt_irq_init
                0x00090d14                alt_sys_init
 .text          0x00090d64       0xc0 c:/Users/Galileo/Projects/ELEC60011-fpga/system_template_de1_soc/software/hello_world2_bsp/\libhal_bsp.a(altera_avalon_jtag_uart_fd.o)
                0x00090d64                altera_avalon_jtag_uart_read_fd
                0x00090dc4                altera_avalon_jtag_uart_write_fd
 .text          0x00090e24       0xec c:/Users/Galileo/Projects/ELEC60011-fpga/system_template_de1_soc/software/hello_world2_bsp/\libhal_bsp.a(altera_avalon_jtag_uart_read.o)
                0x00090e24                altera_avalon_jtag_uart_read
 .text          0x00090f10       0x98 c:/Users/Galileo/Projects/ELEC60011-fpga/system_template_de1_soc/software/hello_world2_bsp/\libhal_bsp.a(altera_avalon_jtag_uart_write.o)
                0x00090f10                altera_avalon_jtag_uart_write
 .text          0x00090fa8      0x100 c:/Users/Galileo/Projects/ELEC60011-fpga/system_template_de1_soc/software/hello_world2_bsp/\libhal_bsp.a(altera_avalon_timer_sc.o)
                0x00091024                alt_avalon_timer_sc_init
 .text          0x000910a8       0x4c c:/Users/Galileo/Projects/ELEC60011-fpga/system_template_de1_soc/software/hello_world2_bsp/\libhal_bsp.a(alt_dcache_flush_all.o)
                0x000910a8                alt_dcache_flush_all
 .text          0x000910f4       0xe4 c:/Users/Galileo/Projects/ELEC60011-fpga/system_template_de1_soc/software/hello_world2_bsp/\libhal_bsp.a(alt_dev_llist_insert.o)
                0x00091130                alt_dev_llist_insert
 .text          0x000911d8       0x34 c:/Users/Galileo/Projects/ELEC60011-fpga/system_template_de1_soc/software/hello_world2_bsp/\libhal_bsp.a(alt_icache_flush_all.o)
                0x000911d8                alt_icache_flush_all
 .text          0x0009120c      0x1b0 c:/Users/Galileo/Projects/ELEC60011-fpga/system_template_de1_soc/software/hello_world2_bsp/\libhal_bsp.a(alt_iic.o)
                0x0009120c                alt_ic_isr_register
                0x0009125c                alt_ic_irq_enable
                0x000912e4                alt_ic_irq_disable
                0x00091370                alt_ic_irq_enabled
 .text          0x000913bc       0xe8 c:/Users/Galileo/Projects/ELEC60011-fpga/system_template_de1_soc/software/hello_world2_bsp/\libhal_bsp.a(alt_iic_isr_register.o)
                0x000913bc                alt_iic_isr_register
 .text          0x000914a4      0x12c c:/Users/Galileo/Projects/ELEC60011-fpga/system_template_de1_soc/software/hello_world2_bsp/\libhal_bsp.a(alt_io_redirect.o)
                0x00091554                alt_io_redirect
 .text          0x000915d0        0x0 c:/Users/Galileo/Projects/ELEC60011-fpga/system_template_de1_soc/software/hello_world2_bsp/\libhal_bsp.a(alt_irq_entry.o)
 .text          0x000915d0        0x0 c:/Users/Galileo/Projects/ELEC60011-fpga/system_template_de1_soc/software/hello_world2_bsp/\libhal_bsp.a(alt_irq_handler.o)
 .text          0x000915d0        0x0 c:/Users/Galileo/Projects/ELEC60011-fpga/system_template_de1_soc/software/hello_world2_bsp/\libhal_bsp.a(alt_irq_vars.o)
 .text          0x000915d0      0x248 c:/Users/Galileo/Projects/ELEC60011-fpga/system_template_de1_soc/software/hello_world2_bsp/\libhal_bsp.a(alt_open.o)
                0x000916c4                open
 .text          0x00091818      0x1d0 c:/Users/Galileo/Projects/ELEC60011-fpga/system_template_de1_soc/software/hello_world2_bsp/\libhal_bsp.a(alt_tick.o)
                0x00091818                alt_alarm_stop
                0x000918bc                alt_tick
 .text          0x000919e8       0x24 c:/Users/Galileo/Projects/ELEC60011-fpga/system_template_de1_soc/software/hello_world2_bsp/\libhal_bsp.a(altera_nios2_gen2_irq.o)
                0x000919e8                altera_nios2_gen2_irq_init
 .text          0x00091a0c        0x0 c:/Users/Galileo/Projects/ELEC60011-fpga/system_template_de1_soc/software/hello_world2_bsp/\libhal_bsp.a(alt_exception_entry.o)
 .text          0x00091a0c       0x90 c:/Users/Galileo/Projects/ELEC60011-fpga/system_template_de1_soc/software/hello_world2_bsp/\libhal_bsp.a(alt_find_dev.o)
                0x00091a0c                alt_find_dev
 .text          0x00091a9c      0x108 c:/Users/Galileo/Projects/ELEC60011-fpga/system_template_de1_soc/software/hello_world2_bsp/\libhal_bsp.a(alt_find_file.o)
                0x00091a9c                alt_find_file
 .text          0x00091ba4       0xa0 c:/Users/Galileo/Projects/ELEC60011-fpga/system_template_de1_soc/software/hello_world2_bsp/\libhal_bsp.a(alt_get_fd.o)
                0x00091ba4                alt_get_fd
 .text          0x00091c44       0x90 c:/Users/Galileo/Projects/ELEC60011-fpga/system_template_de1_soc/software/hello_world2_bsp/\libhal_bsp.a(alt_icache_flush.o)
                0x00091c44                alt_icache_flush
 .text          0x00091cd4       0x74 c:/Users/Galileo/Projects/ELEC60011-fpga/system_template_de1_soc/software/hello_world2_bsp/\libhal_bsp.a(alt_instruction_exception_entry.o)
                0x00091cd4                alt_exception_cause_generated_bad_addr
 .text          0x00091d48        0x0 c:/intelfpga_lite/23.1std/nios2eds/bin/gnu/h-x86_64-mingw32/bin/../lib/gcc/nios2-elf/12.3.1/../../../../../H-x86_64-mingw32/nios2-elf/lib/mhw-mulx\libc.a(libc_a-memcmp.o)
 .text.memcmp   0x00091d48       0x78 c:/intelfpga_lite/23.1std/nios2eds/bin/gnu/h-x86_64-mingw32/bin/../lib/gcc/nios2-elf/12.3.1/../../../../../H-x86_64-mingw32/nios2-elf/lib/mhw-mulx\libc.a(libc_a-memcmp.o)
                0x00091d48                memcmp
 *(.gnu.warning.*)
 *(.fini)
                [!provide]                        PROVIDE (__etext = ABSOLUTE (.))
                [!provide]                        PROVIDE (_etext = ABSOLUTE (.))
                [!provide]                        PROVIDE (etext = ABSOLUTE (.))
 *(.eh_frame_hdr)
                0x00091dc0                        . = ALIGN (0x4)
                [!provide]                        PROVIDE (__preinit_array_start = ABSOLUTE (.))
 *(.preinit_array)
                [!provide]                        PROVIDE (__preinit_array_end = ABSOLUTE (.))
                [!provide]                        PROVIDE (__init_array_start = ABSOLUTE (.))
 *(SORT_BY_INIT_PRIORITY(.init_array.*))
 *(.init_array)
                [!provide]                        PROVIDE (__init_array_end = ABSOLUTE (.))
                [!provide]                        PROVIDE (__fini_array_start = ABSOLUTE (.))
 *(.fini_array)
                [!provide]                        PROVIDE (__fini_array_end = ABSOLUTE (.))
 *(.eh_frame)
 *(.gcc_except_table .gcc_except_table.*)
 *(.dynamic)
                [!provide]                        PROVIDE (__CTOR_LIST__ = ABSOLUTE (.))
 *(.ctors)
 *(SORT_BY_NAME(.ctors.*))
                [!provide]                        PROVIDE (__CTOR_END__ = ABSOLUTE (.))
                [!provide]                        PROVIDE (__DTOR_LIST__ = ABSOLUTE (.))
 *(.dtors)
 *(SORT_BY_NAME(.dtors.*))
                [!provide]                        PROVIDE (__DTOR_END__ = ABSOLUTE (.))
 *(.jcr)
                0x00091dc0                        . = ALIGN (0x4)

.rodata         0x00091dc0      0xa54
                0x00091dc0                        PROVIDE (__ram_rodata_start = ABSOLUTE (.))
                0x00091dc0                        . = ALIGN (0x4)
 *(.rodata .rodata.* .gnu.linkonce.r.*)
 .rodata        0x00091dc0       0x42 obj/default/hello_world.o
 *fill*         0x00091e02        0x2 
 .rodata.npio2_hw
                0x00091e04       0x80 c:/intelfpga_lite/23.1std/nios2eds/bin/gnu/h-x86_64-mingw32/bin/../lib/gcc/nios2-elf/12.3.1/../../../../../H-x86_64-mingw32/nios2-elf/lib/mhw-mulx\libm.a(libm_a-ef_rem_pio2.o)
 .rodata.two_over_pi
                0x00091e84      0x318 c:/intelfpga_lite/23.1std/nios2eds/bin/gnu/h-x86_64-mingw32/bin/../lib/gcc/nios2-elf/12.3.1/../../../../../H-x86_64-mingw32/nios2-elf/lib/mhw-mulx\libm.a(libm_a-ef_rem_pio2.o)
 .rodata.PIo2   0x0009219c       0x2c c:/intelfpga_lite/23.1std/nios2eds/bin/gnu/h-x86_64-mingw32/bin/../lib/gcc/nios2-elf/12.3.1/../../../../../H-x86_64-mingw32/nios2-elf/lib/mhw-mulx\libm.a(libm_a-kf_rem_pio2.o)
 .rodata.init_jk
                0x000921c8        0xc c:/intelfpga_lite/23.1std/nios2eds/bin/gnu/h-x86_64-mingw32/bin/../lib/gcc/nios2-elf/12.3.1/../../../../../H-x86_64-mingw32/nios2-elf/lib/mhw-mulx\libm.a(libm_a-kf_rem_pio2.o)
 .rodata        0x000921d4      0x100 c:/intelfpga_lite/23.1std/nios2eds/bin/gnu/h-x86_64-mingw32/bin/../lib/gcc/nios2-elf/12.3.1/mhw-mulx\libgcc.a(_clz.o)
                0x000921d4                __clz_tab
 .rodata._puts_r.str1.4
                0x000922d4        0x2 c:/intelfpga_lite/23.1std/nios2eds/bin/gnu/h-x86_64-mingw32/bin/../lib/gcc/nios2-elf/12.3.1/../../../../../H-x86_64-mingw32/nios2-elf/lib/mhw-mulx\libc.a(libc_a-puts.o)
 *fill*         0x000922d6        0x2 
 .rodata.___vfprintf_internal_r.str1.4
                0x000922d8       0x42 c:/intelfpga_lite/23.1std/nios2eds/bin/gnu/h-x86_64-mingw32/bin/../lib/gcc/nios2-elf/12.3.1/../../../../../H-x86_64-mingw32/nios2-elf/lib/mhw-mulx\libc.a(libc_a-vfprintf.o)
 *fill*         0x0009231a        0x2 
 .rodata.zeroes.0
                0x0009231c       0x10 c:/intelfpga_lite/23.1std/nios2eds/bin/gnu/h-x86_64-mingw32/bin/../lib/gcc/nios2-elf/12.3.1/../../../../../H-x86_64-mingw32/nios2-elf/lib/mhw-mulx\libc.a(libc_a-vfprintf.o)
 .rodata.blanks.1
                0x0009232c       0x10 c:/intelfpga_lite/23.1std/nios2eds/bin/gnu/h-x86_64-mingw32/bin/../lib/gcc/nios2-elf/12.3.1/../../../../../H-x86_64-mingw32/nios2-elf/lib/mhw-mulx\libc.a(libc_a-vfprintf.o)
 .rodata.___vfiprintf_internal_r.str1.4
                0x0009233c       0x2f c:/intelfpga_lite/23.1std/nios2eds/bin/gnu/h-x86_64-mingw32/bin/../lib/gcc/nios2-elf/12.3.1/../../../../../H-x86_64-mingw32/nios2-elf/lib/mhw-mulx\libc.a(libc_a-vfiprintf.o)
 .rodata.zeroes.0
                0x0009233c       0x10 c:/intelfpga_lite/23.1std/nios2eds/bin/gnu/h-x86_64-mingw32/bin/../lib/gcc/nios2-elf/12.3.1/../../../../../H-x86_64-mingw32/nios2-elf/lib/mhw-mulx\libc.a(libc_a-vfiprintf.o)
 .rodata.blanks.1
                0x0009234c       0x10 c:/intelfpga_lite/23.1std/nios2eds/bin/gnu/h-x86_64-mingw32/bin/../lib/gcc/nios2-elf/12.3.1/../../../../../H-x86_64-mingw32/nios2-elf/lib/mhw-mulx\libc.a(libc_a-vfiprintf.o)
 .rodata._setlocale_r.str1.4
                0x0009235c        0xa c:/intelfpga_lite/23.1std/nios2eds/bin/gnu/h-x86_64-mingw32/bin/../lib/gcc/nios2-elf/12.3.1/../../../../../H-x86_64-mingw32/nios2-elf/lib/mhw-mulx\libc.a(libc_a-locale.o)
                                  0xd (size before relaxing)
 *fill*         0x00092366        0x2 
 .rodata.str1.4
                0x00092368        0x2 c:/intelfpga_lite/23.1std/nios2eds/bin/gnu/h-x86_64-mingw32/bin/../lib/gcc/nios2-elf/12.3.1/../../../../../H-x86_64-mingw32/nios2-elf/lib/mhw-mulx\libc.a(libc_a-locale.o)
 *fill*         0x0009236a        0x2 
 .rodata._dtoa_r.str1.4
                0x0009236c       0x5b c:/intelfpga_lite/23.1std/nios2eds/bin/gnu/h-x86_64-mingw32/bin/../lib/gcc/nios2-elf/12.3.1/../../../../../H-x86_64-mingw32/nios2-elf/lib/mhw-mulx\libc.a(libc_a-dtoa.o)
                                 0x5f (size before relaxing)
 *fill*         0x000923c7        0x1 
 .rodata.__multadd.str1.4
                0x000923c8       0x38 c:/intelfpga_lite/23.1std/nios2eds/bin/gnu/h-x86_64-mingw32/bin/../lib/gcc/nios2-elf/12.3.1/../../../../../H-x86_64-mingw32/nios2-elf/lib/mhw-mulx\libc.a(libc_a-mprec.o)
                                 0x4c (size before relaxing)
 .rodata.p05.0  0x00092400        0xc c:/intelfpga_lite/23.1std/nios2eds/bin/gnu/h-x86_64-mingw32/bin/../lib/gcc/nios2-elf/12.3.1/../../../../../H-x86_64-mingw32/nios2-elf/lib/mhw-mulx\libc.a(libc_a-mprec.o)
 .rodata.__mprec_tinytens
                0x0009240c       0x28 c:/intelfpga_lite/23.1std/nios2eds/bin/gnu/h-x86_64-mingw32/bin/../lib/gcc/nios2-elf/12.3.1/../../../../../H-x86_64-mingw32/nios2-elf/lib/mhw-mulx\libc.a(libc_a-mprec.o)
                0x0009240c                __mprec_tinytens
 .rodata.__mprec_bigtens
                0x00092434       0x28 c:/intelfpga_lite/23.1std/nios2eds/bin/gnu/h-x86_64-mingw32/bin/../lib/gcc/nios2-elf/12.3.1/../../../../../H-x86_64-mingw32/nios2-elf/lib/mhw-mulx\libc.a(libc_a-mprec.o)
                0x00092434                __mprec_bigtens
 .rodata.__mprec_tens
                0x0009245c       0xc8 c:/intelfpga_lite/23.1std/nios2eds/bin/gnu/h-x86_64-mingw32/bin/../lib/gcc/nios2-elf/12.3.1/../../../../../H-x86_64-mingw32/nios2-elf/lib/mhw-mulx\libc.a(libc_a-mprec.o)
                0x0009245c                __mprec_tens
 .rodata._ctype_
                0x00092524      0x101 c:/intelfpga_lite/23.1std/nios2eds/bin/gnu/h-x86_64-mingw32/bin/../lib/gcc/nios2-elf/12.3.1/../../../../../H-x86_64-mingw32/nios2-elf/lib/mhw-mulx\libc.a(libc_a-ctype_.o)
                0x00092524                _ctype_
 *fill*         0x00092625        0x3 
 .rodata._ctype_b
                0x00092628      0x180 c:/intelfpga_lite/23.1std/nios2eds/bin/gnu/h-x86_64-mingw32/bin/../lib/gcc/nios2-elf/12.3.1/../../../../../H-x86_64-mingw32/nios2-elf/lib/mhw-mulx\libc.a(libc_a-ctype_.o)
                0x00092628                _ctype_b
 .rodata.__assert_func.str1.4
                0x000927a8       0x3f c:/intelfpga_lite/23.1std/nios2eds/bin/gnu/h-x86_64-mingw32/bin/../lib/gcc/nios2-elf/12.3.1/../../../../../H-x86_64-mingw32/nios2-elf/lib/mhw-mulx\libc.a(libc_a-assert.o)
                                 0x43 (size before relaxing)
 *fill*         0x000927e7        0x1 
 .rodata        0x000927e8        0xa c:/Users/Galileo/Projects/ELEC60011-fpga/system_template_de1_soc/software/hello_world2_bsp/\libhal_bsp.a(alt_dev.o)
 *fill*         0x000927f2        0x2 
 .rodata        0x000927f4        0xf c:/Users/Galileo/Projects/ELEC60011-fpga/system_template_de1_soc/software/hello_world2_bsp/\libhal_bsp.a(alt_main.o)
 *fill*         0x00092803        0x1 
 .rodata        0x00092804        0xf c:/Users/Galileo/Projects/ELEC60011-fpga/system_template_de1_soc/software/hello_world2_bsp/\libhal_bsp.a(alt_sys_init.o)
 *(.rodata1)
                0x00092814                        . = ALIGN (0x4)
 *fill*         0x00092813        0x1 
                0x00092814                        PROVIDE (__ram_rodata_end = ABSOLUTE (.))
                0x00091dc0                        PROVIDE (__flash_rodata_start = LOADADDR (.rodata))

.rwdata         0x00092814      0x8a4 load address 0x000930b8
                0x00092814                        PROVIDE (__ram_rwdata_start = ABSOLUTE (.))
                0x00092814                        . = ALIGN (0x4)
 *(.got.plt)
 *(.got)
 *(.data1)
 *(.data .data.* .gnu.linkonce.d.*)
 .data          0x00092814        0x0 c:/Users/Galileo/Projects/ELEC60011-fpga/system_template_de1_soc/software/hello_world2_bsp//obj/HAL/src/crt0.o
 .data          0x00092814        0x0 obj/default/hello_world.o
 .data          0x00092814        0x0 c:/intelfpga_lite/23.1std/nios2eds/bin/gnu/h-x86_64-mingw32/bin/../lib/gcc/nios2-elf/12.3.1/../../../../../H-x86_64-mingw32/nios2-elf/lib/mhw-mulx\libm.a(libm_a-sf_cos.o)
 .data          0x00092814        0x0 c:/intelfpga_lite/23.1std/nios2eds/bin/gnu/h-x86_64-mingw32/bin/../lib/gcc/nios2-elf/12.3.1/../../../../../H-x86_64-mingw32/nios2-elf/lib/mhw-mulx\libm.a(libm_a-kf_cos.o)
 .data          0x00092814        0x0 c:/intelfpga_lite/23.1std/nios2eds/bin/gnu/h-x86_64-mingw32/bin/../lib/gcc/nios2-elf/12.3.1/../../../../../H-x86_64-mingw32/nios2-elf/lib/mhw-mulx\libm.a(libm_a-kf_sin.o)
 .data          0x00092814        0x0 c:/intelfpga_lite/23.1std/nios2eds/bin/gnu/h-x86_64-mingw32/bin/../lib/gcc/nios2-elf/12.3.1/../../../../../H-x86_64-mingw32/nios2-elf/lib/mhw-mulx\libm.a(libm_a-ef_rem_pio2.o)
 .data          0x00092814        0x0 c:/intelfpga_lite/23.1std/nios2eds/bin/gnu/h-x86_64-mingw32/bin/../lib/gcc/nios2-elf/12.3.1/../../../../../H-x86_64-mingw32/nios2-elf/lib/mhw-mulx\libm.a(libm_a-sf_fabs.o)
 .data          0x00092814        0x0 c:/intelfpga_lite/23.1std/nios2eds/bin/gnu/h-x86_64-mingw32/bin/../lib/gcc/nios2-elf/12.3.1/../../../../../H-x86_64-mingw32/nios2-elf/lib/mhw-mulx\libm.a(libm_a-kf_rem_pio2.o)
 .data          0x00092814        0x0 c:/intelfpga_lite/23.1std/nios2eds/bin/gnu/h-x86_64-mingw32/bin/../lib/gcc/nios2-elf/12.3.1/../../../../../H-x86_64-mingw32/nios2-elf/lib/mhw-mulx\libm.a(libm_a-sf_floor.o)
 .data          0x00092814        0x0 c:/intelfpga_lite/23.1std/nios2eds/bin/gnu/h-x86_64-mingw32/bin/../lib/gcc/nios2-elf/12.3.1/../../../../../H-x86_64-mingw32/nios2-elf/lib/mhw-mulx\libm.a(libm_a-sf_scalbn.o)
 .data          0x00092814        0x0 c:/intelfpga_lite/23.1std/nios2eds/bin/gnu/h-x86_64-mingw32/bin/../lib/gcc/nios2-elf/12.3.1/mhw-mulx\libgcc.a(addsf3.o)
 .data          0x00092814        0x0 c:/intelfpga_lite/23.1std/nios2eds/bin/gnu/h-x86_64-mingw32/bin/../lib/gcc/nios2-elf/12.3.1/mhw-mulx\libgcc.a(divsf3.o)
 .data          0x00092814        0x0 c:/intelfpga_lite/23.1std/nios2eds/bin/gnu/h-x86_64-mingw32/bin/../lib/gcc/nios2-elf/12.3.1/mhw-mulx\libgcc.a(eqsf2.o)
 .data          0x00092814        0x0 c:/intelfpga_lite/23.1std/nios2eds/bin/gnu/h-x86_64-mingw32/bin/../lib/gcc/nios2-elf/12.3.1/mhw-mulx\libgcc.a(gesf2.o)
 .data          0x00092814        0x0 c:/intelfpga_lite/23.1std/nios2eds/bin/gnu/h-x86_64-mingw32/bin/../lib/gcc/nios2-elf/12.3.1/mhw-mulx\libgcc.a(mulsf3.o)
 .data          0x00092814        0x0 c:/intelfpga_lite/23.1std/nios2eds/bin/gnu/h-x86_64-mingw32/bin/../lib/gcc/nios2-elf/12.3.1/mhw-mulx\libgcc.a(subsf3.o)
 .data          0x00092814        0x0 c:/intelfpga_lite/23.1std/nios2eds/bin/gnu/h-x86_64-mingw32/bin/../lib/gcc/nios2-elf/12.3.1/mhw-mulx\libgcc.a(fixsfsi.o)
 .data          0x00092814        0x0 c:/intelfpga_lite/23.1std/nios2eds/bin/gnu/h-x86_64-mingw32/bin/../lib/gcc/nios2-elf/12.3.1/mhw-mulx\libgcc.a(floatsisf.o)
 .data          0x00092814        0x0 c:/intelfpga_lite/23.1std/nios2eds/bin/gnu/h-x86_64-mingw32/bin/../lib/gcc/nios2-elf/12.3.1/mhw-mulx\libgcc.a(_clzsi2.o)
 .data          0x00092814        0x0 c:/intelfpga_lite/23.1std/nios2eds/bin/gnu/h-x86_64-mingw32/bin/../lib/gcc/nios2-elf/12.3.1/mhw-mulx\libgcc.a(_clz.o)
 .data          0x00092814        0x0 c:/intelfpga_lite/23.1std/nios2eds/bin/gnu/h-x86_64-mingw32/bin/../lib/gcc/nios2-elf/12.3.1/../../../../../H-x86_64-mingw32/nios2-elf/lib/mhw-mulx\libc.a(libc_a-rand.o)
 .data          0x00092814        0x0 c:/intelfpga_lite/23.1std/nios2eds/bin/gnu/h-x86_64-mingw32/bin/../lib/gcc/nios2-elf/12.3.1/../../../../../H-x86_64-mingw32/nios2-elf/lib/mhw-mulx\libc.a(libc_a-printf.o)
 .data          0x00092814        0x0 c:/intelfpga_lite/23.1std/nios2eds/bin/gnu/h-x86_64-mingw32/bin/../lib/gcc/nios2-elf/12.3.1/../../../../../H-x86_64-mingw32/nios2-elf/lib/mhw-mulx\libc.a(libc_a-puts.o)
 .data          0x00092814        0x0 c:/intelfpga_lite/23.1std/nios2eds/bin/gnu/h-x86_64-mingw32/bin/../lib/gcc/nios2-elf/12.3.1/../../../../../H-x86_64-mingw32/nios2-elf/lib/mhw-mulx\libc.a(libc_a-strlen.o)
 .data          0x00092814        0x0 c:/intelfpga_lite/23.1std/nios2eds/bin/gnu/h-x86_64-mingw32/bin/../lib/gcc/nios2-elf/12.3.1/../../../../../H-x86_64-mingw32/nios2-elf/lib/mhw-mulx\libc.a(libc_a-impure.o)
 .data._impure_data
                0x00092814      0x11c c:/intelfpga_lite/23.1std/nios2eds/bin/gnu/h-x86_64-mingw32/bin/../lib/gcc/nios2-elf/12.3.1/../../../../../H-x86_64-mingw32/nios2-elf/lib/mhw-mulx\libc.a(libc_a-impure.o)
                0x00092814                _impure_data
 .data          0x00092930        0x0 c:/intelfpga_lite/23.1std/nios2eds/bin/gnu/h-x86_64-mingw32/bin/../lib/gcc/nios2-elf/12.3.1/../../../../../H-x86_64-mingw32/nios2-elf/lib/mhw-mulx\libc.a(libc_a-vfprintf.o)
 .data          0x00092930        0x0 c:/intelfpga_lite/23.1std/nios2eds/bin/gnu/h-x86_64-mingw32/bin/../lib/gcc/nios2-elf/12.3.1/../../../../../H-x86_64-mingw32/nios2-elf/lib/mhw-mulx\libc.a(libc_a-vfiprintf.o)
 .data          0x00092930        0x0 c:/intelfpga_lite/23.1std/nios2eds/bin/gnu/h-x86_64-mingw32/bin/../lib/gcc/nios2-elf/12.3.1/../../../../../H-x86_64-mingw32/nios2-elf/lib/mhw-mulx\libc.a(libc_a-fflush.o)
 .data          0x00092930        0x0 c:/intelfpga_lite/23.1std/nios2eds/bin/gnu/h-x86_64-mingw32/bin/../lib/gcc/nios2-elf/12.3.1/../../../../../H-x86_64-mingw32/nios2-elf/lib/mhw-mulx\libc.a(libc_a-findfp.o)
 .data.__sglue  0x00092930        0xc c:/intelfpga_lite/23.1std/nios2eds/bin/gnu/h-x86_64-mingw32/bin/../lib/gcc/nios2-elf/12.3.1/../../../../../H-x86_64-mingw32/nios2-elf/lib/mhw-mulx\libc.a(libc_a-findfp.o)
                0x00092930                __sglue
 .data          0x0009293c        0x0 c:/intelfpga_lite/23.1std/nios2eds/bin/gnu/h-x86_64-mingw32/bin/../lib/gcc/nios2-elf/12.3.1/../../../../../H-x86_64-mingw32/nios2-elf/lib/mhw-mulx\libc.a(libc_a-fvwrite.o)
 .data          0x0009293c        0x0 c:/intelfpga_lite/23.1std/nios2eds/bin/gnu/h-x86_64-mingw32/bin/../lib/gcc/nios2-elf/12.3.1/../../../../../H-x86_64-mingw32/nios2-elf/lib/mhw-mulx\libc.a(libc_a-fwalk.o)
 .data          0x0009293c        0x0 c:/intelfpga_lite/23.1std/nios2eds/bin/gnu/h-x86_64-mingw32/bin/../lib/gcc/nios2-elf/12.3.1/../../../../../H-x86_64-mingw32/nios2-elf/lib/mhw-mulx\libc.a(libc_a-stdio.o)
 .data          0x0009293c        0x0 c:/intelfpga_lite/23.1std/nios2eds/bin/gnu/h-x86_64-mingw32/bin/../lib/gcc/nios2-elf/12.3.1/../../../../../H-x86_64-mingw32/nios2-elf/lib/mhw-mulx\libc.a(libc_a-wsetup.o)
 .data          0x0009293c        0x0 c:/intelfpga_lite/23.1std/nios2eds/bin/gnu/h-x86_64-mingw32/bin/../lib/gcc/nios2-elf/12.3.1/../../../../../H-x86_64-mingw32/nios2-elf/lib/mhw-mulx\libc.a(libc_a-fputwc.o)
 .data          0x0009293c        0x0 c:/intelfpga_lite/23.1std/nios2eds/bin/gnu/h-x86_64-mingw32/bin/../lib/gcc/nios2-elf/12.3.1/../../../../../H-x86_64-mingw32/nios2-elf/lib/mhw-mulx\libc.a(libc_a-memchr.o)
 .data          0x0009293c        0x0 c:/intelfpga_lite/23.1std/nios2eds/bin/gnu/h-x86_64-mingw32/bin/../lib/gcc/nios2-elf/12.3.1/../../../../../H-x86_64-mingw32/nios2-elf/lib/mhw-mulx\libc.a(libc_a-memcpy.o)
 .data          0x0009293c        0x0 c:/intelfpga_lite/23.1std/nios2eds/bin/gnu/h-x86_64-mingw32/bin/../lib/gcc/nios2-elf/12.3.1/../../../../../H-x86_64-mingw32/nios2-elf/lib/mhw-mulx\libc.a(libc_a-memmove.o)
 .data          0x0009293c        0x0 c:/intelfpga_lite/23.1std/nios2eds/bin/gnu/h-x86_64-mingw32/bin/../lib/gcc/nios2-elf/12.3.1/../../../../../H-x86_64-mingw32/nios2-elf/lib/mhw-mulx\libc.a(libc_a-memset.o)
 .data          0x0009293c        0x0 c:/intelfpga_lite/23.1std/nios2eds/bin/gnu/h-x86_64-mingw32/bin/../lib/gcc/nios2-elf/12.3.1/../../../../../H-x86_64-mingw32/nios2-elf/lib/mhw-mulx\libc.a(libc_a-locale.o)
 .data.__global_locale
                0x0009293c      0x16c c:/intelfpga_lite/23.1std/nios2eds/bin/gnu/h-x86_64-mingw32/bin/../lib/gcc/nios2-elf/12.3.1/../../../../../H-x86_64-mingw32/nios2-elf/lib/mhw-mulx\libc.a(libc_a-locale.o)
                0x0009293c                __global_locale
 .data          0x00092aa8        0x0 c:/intelfpga_lite/23.1std/nios2eds/bin/gnu/h-x86_64-mingw32/bin/../lib/gcc/nios2-elf/12.3.1/../../../../../H-x86_64-mingw32/nios2-elf/lib/mhw-mulx\libc.a(libc_a-localeconv.o)
 .data          0x00092aa8        0x0 c:/intelfpga_lite/23.1std/nios2eds/bin/gnu/h-x86_64-mingw32/bin/../lib/gcc/nios2-elf/12.3.1/../../../../../H-x86_64-mingw32/nios2-elf/lib/mhw-mulx\libc.a(libc_a-closer.o)
 .data          0x00092aa8        0x0 c:/intelfpga_lite/23.1std/nios2eds/bin/gnu/h-x86_64-mingw32/bin/../lib/gcc/nios2-elf/12.3.1/../../../../../H-x86_64-mingw32/nios2-elf/lib/mhw-mulx\libc.a(libc_a-reent.o)
 .data          0x00092aa8        0x0 c:/intelfpga_lite/23.1std/nios2eds/bin/gnu/h-x86_64-mingw32/bin/../lib/gcc/nios2-elf/12.3.1/../../../../../H-x86_64-mingw32/nios2-elf/lib/mhw-mulx\libc.a(libc_a-lseekr.o)
 .data          0x00092aa8        0x0 c:/intelfpga_lite/23.1std/nios2eds/bin/gnu/h-x86_64-mingw32/bin/../lib/gcc/nios2-elf/12.3.1/../../../../../H-x86_64-mingw32/nios2-elf/lib/mhw-mulx\libc.a(libc_a-readr.o)
 .data          0x00092aa8        0x0 c:/intelfpga_lite/23.1std/nios2eds/bin/gnu/h-x86_64-mingw32/bin/../lib/gcc/nios2-elf/12.3.1/../../../../../H-x86_64-mingw32/nios2-elf/lib/mhw-mulx\libc.a(libc_a-writer.o)
 .data          0x00092aa8        0x0 c:/intelfpga_lite/23.1std/nios2eds/bin/gnu/h-x86_64-mingw32/bin/../lib/gcc/nios2-elf/12.3.1/../../../../../H-x86_64-mingw32/nios2-elf/lib/mhw-mulx\libc.a(libc_a-dtoa.o)
 .data          0x00092aa8        0x0 c:/intelfpga_lite/23.1std/nios2eds/bin/gnu/h-x86_64-mingw32/bin/../lib/gcc/nios2-elf/12.3.1/../../../../../H-x86_64-mingw32/nios2-elf/lib/mhw-mulx\libc.a(libc_a-exit.o)
 .data          0x00092aa8        0x0 c:/intelfpga_lite/23.1std/nios2eds/bin/gnu/h-x86_64-mingw32/bin/../lib/gcc/nios2-elf/12.3.1/../../../../../H-x86_64-mingw32/nios2-elf/lib/mhw-mulx\libc.a(libc_a-freer.o)
 .data          0x00092aa8        0x0 c:/intelfpga_lite/23.1std/nios2eds/bin/gnu/h-x86_64-mingw32/bin/../lib/gcc/nios2-elf/12.3.1/../../../../../H-x86_64-mingw32/nios2-elf/lib/mhw-mulx\libc.a(libc_a-mallocr.o)
 .data.__malloc_av_
                0x00092aa8      0x408 c:/intelfpga_lite/23.1std/nios2eds/bin/gnu/h-x86_64-mingw32/bin/../lib/gcc/nios2-elf/12.3.1/../../../../../H-x86_64-mingw32/nios2-elf/lib/mhw-mulx\libc.a(libc_a-mallocr.o)
                0x00092aa8                __malloc_av_
 .data          0x00092eb0        0x0 c:/intelfpga_lite/23.1std/nios2eds/bin/gnu/h-x86_64-mingw32/bin/../lib/gcc/nios2-elf/12.3.1/../../../../../H-x86_64-mingw32/nios2-elf/lib/mhw-mulx\libc.a(libc_a-mbtowc_r.o)
 .data          0x00092eb0        0x0 c:/intelfpga_lite/23.1std/nios2eds/bin/gnu/h-x86_64-mingw32/bin/../lib/gcc/nios2-elf/12.3.1/../../../../../H-x86_64-mingw32/nios2-elf/lib/mhw-mulx\libc.a(libc_a-mprec.o)
 .data          0x00092eb0        0x0 c:/intelfpga_lite/23.1std/nios2eds/bin/gnu/h-x86_64-mingw32/bin/../lib/gcc/nios2-elf/12.3.1/../../../../../H-x86_64-mingw32/nios2-elf/lib/mhw-mulx\libc.a(libc_a-reallocr.o)
 .data          0x00092eb0        0x0 c:/intelfpga_lite/23.1std/nios2eds/bin/gnu/h-x86_64-mingw32/bin/../lib/gcc/nios2-elf/12.3.1/../../../../../H-x86_64-mingw32/nios2-elf/lib/mhw-mulx\libc.a(libc_a-wctomb_r.o)
 .data          0x00092eb0        0x0 c:/intelfpga_lite/23.1std/nios2eds/bin/gnu/h-x86_64-mingw32/bin/../lib/gcc/nios2-elf/12.3.1/../../../../../H-x86_64-mingw32/nios2-elf/lib/mhw-mulx\libc.a(libc_a-wcrtomb.o)
 .data          0x00092eb0        0x0 c:/intelfpga_lite/23.1std/nios2eds/bin/gnu/h-x86_64-mingw32/bin/../lib/gcc/nios2-elf/12.3.1/../../../../../H-x86_64-mingw32/nios2-elf/lib/mhw-mulx\libc.a(libc_a-ctype_.o)
 .data          0x00092eb0        0x0 c:/intelfpga_lite/23.1std/nios2eds/bin/gnu/h-x86_64-mingw32/bin/../lib/gcc/nios2-elf/12.3.1/../../../../../H-x86_64-mingw32/nios2-elf/lib/mhw-mulx\libc.a(libc_a-fclose.o)
 .data          0x00092eb0        0x0 c:/intelfpga_lite/23.1std/nios2eds/bin/gnu/h-x86_64-mingw32/bin/../lib/gcc/nios2-elf/12.3.1/../../../../../H-x86_64-mingw32/nios2-elf/lib/mhw-mulx\libc.a(libc_a-makebuf.o)
 .data          0x00092eb0        0x0 c:/intelfpga_lite/23.1std/nios2eds/bin/gnu/h-x86_64-mingw32/bin/../lib/gcc/nios2-elf/12.3.1/../../../../../H-x86_64-mingw32/nios2-elf/lib/mhw-mulx\libc.a(libc_a-wbuf.o)
 .data          0x00092eb0        0x0 c:/intelfpga_lite/23.1std/nios2eds/bin/gnu/h-x86_64-mingw32/bin/../lib/gcc/nios2-elf/12.3.1/../../../../../H-x86_64-mingw32/nios2-elf/lib/mhw-mulx\libc.a(libc_a-strcmp.o)
 .data          0x00092eb0        0x0 c:/intelfpga_lite/23.1std/nios2eds/bin/gnu/h-x86_64-mingw32/bin/../lib/gcc/nios2-elf/12.3.1/../../../../../H-x86_64-mingw32/nios2-elf/lib/mhw-mulx\libc.a(libc_a-fstatr.o)
 .data          0x00092eb0        0x0 c:/intelfpga_lite/23.1std/nios2eds/bin/gnu/h-x86_64-mingw32/bin/../lib/gcc/nios2-elf/12.3.1/../../../../../H-x86_64-mingw32/nios2-elf/lib/mhw-mulx\libc.a(libc_a-isattyr.o)
 .data          0x00092eb0        0x0 c:/intelfpga_lite/23.1std/nios2eds/bin/gnu/h-x86_64-mingw32/bin/../lib/gcc/nios2-elf/12.3.1/../../../../../H-x86_64-mingw32/nios2-elf/lib/mhw-mulx\libc.a(libc_a-sbrkr.o)
 .data          0x00092eb0        0x0 c:/intelfpga_lite/23.1std/nios2eds/bin/gnu/h-x86_64-mingw32/bin/../lib/gcc/nios2-elf/12.3.1/../../../../../H-x86_64-mingw32/nios2-elf/lib/mhw-mulx\libc.a(libc_a-__call_atexit.o)
 .data          0x00092eb0        0x0 c:/intelfpga_lite/23.1std/nios2eds/bin/gnu/h-x86_64-mingw32/bin/../lib/gcc/nios2-elf/12.3.1/../../../../../H-x86_64-mingw32/nios2-elf/lib/mhw-mulx\libc.a(libc_a-assert.o)
 .data          0x00092eb0        0x0 c:/intelfpga_lite/23.1std/nios2eds/bin/gnu/h-x86_64-mingw32/bin/../lib/gcc/nios2-elf/12.3.1/../../../../../H-x86_64-mingw32/nios2-elf/lib/mhw-mulx\libc.a(libc_a-callocr.o)
 .data          0x00092eb0        0x0 c:/intelfpga_lite/23.1std/nios2eds/bin/gnu/h-x86_64-mingw32/bin/../lib/gcc/nios2-elf/12.3.1/../../../../../H-x86_64-mingw32/nios2-elf/lib/mhw-mulx\libc.a(libc_a-fiprintf.o)
 .data          0x00092eb0        0x0 c:/intelfpga_lite/23.1std/nios2eds/bin/gnu/h-x86_64-mingw32/bin/../lib/gcc/nios2-elf/12.3.1/../../../../../H-x86_64-mingw32/nios2-elf/lib/mhw-mulx\libc.a(libc_a-vfiprintfr_1.o)
 .data          0x00092eb0        0x0 c:/intelfpga_lite/23.1std/nios2eds/bin/gnu/h-x86_64-mingw32/bin/../lib/gcc/nios2-elf/12.3.1/../../../../../H-x86_64-mingw32/nios2-elf/lib/mhw-mulx\libc.a(libc_a-errno.o)
 .data          0x00092eb0        0x0 c:/intelfpga_lite/23.1std/nios2eds/bin/gnu/h-x86_64-mingw32/bin/../lib/gcc/nios2-elf/12.3.1/../../../../../H-x86_64-mingw32/nios2-elf/lib/mhw-mulx\libc.a(libc_a-abort.o)
 .data          0x00092eb0        0x0 c:/intelfpga_lite/23.1std/nios2eds/bin/gnu/h-x86_64-mingw32/bin/../lib/gcc/nios2-elf/12.3.1/../../../../../H-x86_64-mingw32/nios2-elf/lib/mhw-mulx\libc.a(libc_a-signal.o)
 .data          0x00092eb0        0x0 c:/intelfpga_lite/23.1std/nios2eds/bin/gnu/h-x86_64-mingw32/bin/../lib/gcc/nios2-elf/12.3.1/../../../../../H-x86_64-mingw32/nios2-elf/lib/mhw-mulx\libc.a(libc_a-signalr.o)
 .data          0x00092eb0        0x0 c:/intelfpga_lite/23.1std/nios2eds/bin/gnu/h-x86_64-mingw32/bin/../lib/gcc/nios2-elf/12.3.1/mhw-mulx\libgcc.a(_udivdi3.o)
 .data          0x00092eb0        0x0 c:/intelfpga_lite/23.1std/nios2eds/bin/gnu/h-x86_64-mingw32/bin/../lib/gcc/nios2-elf/12.3.1/mhw-mulx\libgcc.a(_umoddi3.o)
 .data          0x00092eb0        0x0 c:/intelfpga_lite/23.1std/nios2eds/bin/gnu/h-x86_64-mingw32/bin/../lib/gcc/nios2-elf/12.3.1/mhw-mulx\libgcc.a(lib2-divmod.o)
 .data          0x00092eb0        0x0 c:/intelfpga_lite/23.1std/nios2eds/bin/gnu/h-x86_64-mingw32/bin/../lib/gcc/nios2-elf/12.3.1/mhw-mulx\libgcc.a(adddf3.o)
 .data          0x00092eb0        0x0 c:/intelfpga_lite/23.1std/nios2eds/bin/gnu/h-x86_64-mingw32/bin/../lib/gcc/nios2-elf/12.3.1/mhw-mulx\libgcc.a(divdf3.o)
 .data          0x00092eb0        0x0 c:/intelfpga_lite/23.1std/nios2eds/bin/gnu/h-x86_64-mingw32/bin/../lib/gcc/nios2-elf/12.3.1/mhw-mulx\libgcc.a(eqdf2.o)
 .data          0x00092eb0        0x0 c:/intelfpga_lite/23.1std/nios2eds/bin/gnu/h-x86_64-mingw32/bin/../lib/gcc/nios2-elf/12.3.1/mhw-mulx\libgcc.a(gedf2.o)
 .data          0x00092eb0        0x0 c:/intelfpga_lite/23.1std/nios2eds/bin/gnu/h-x86_64-mingw32/bin/../lib/gcc/nios2-elf/12.3.1/mhw-mulx\libgcc.a(ledf2.o)
 .data          0x00092eb0        0x0 c:/intelfpga_lite/23.1std/nios2eds/bin/gnu/h-x86_64-mingw32/bin/../lib/gcc/nios2-elf/12.3.1/mhw-mulx\libgcc.a(muldf3.o)